2026-08-16 21:36:44,926 [INFO] Activator:176 - 


2026-08-16 21:36:44,947 [INFO] Activator:177 - !SESSION log4j initialized
2026-08-16 21:37:01,260 [INFO] LogOutputStream:77 - [STDOUT_REDIRECT] 
2026-08-16 21:37:09,373 [INFO] ApplicationProperties:184 - Using Application install path: C:\ST\STM32CubeIDE_1.18.0\STM32CubeIDE\plugins\com.st.stm32cube.common.mx_6.14.0.202502271554
2026-08-16 21:37:09,412 [INFO] DbMcusXml:78 - Set database path to: C:\ST\STM32CubeIDE_1.18.0\STM32CubeIDE\plugins\com.st.stm32cube.common.mx_6.14.0.202502271554\\db\/mcu/
2026-08-16 21:37:09,412 [INFO] ApiDb:274 - Set plugin database path to: C:\ST\STM32CubeIDE_1.18.0\STM32CubeIDE\plugins\com.st.stm32cube.common.mx_6.14.0.202502271554\\db\/plugins/boardmanager/
2026-08-16 21:37:09,413 [WARN] ApiDb:259 - Overriding images path with different value:  => C:\ST\STM32CubeIDE_1.18.0\STM32CubeIDE\plugins\com.st.stm32cube.common.mx_6.14.0.202502271554\\db\/plugins/mcufinder/images/
2026-08-16 21:37:09,426 [INFO] ApiDb:250 - Set database path to: C:\Users\lthst\.stmcufinder\plugins\mcufinder//mcu/
2026-08-16 21:37:09,428 [INFO] DbMcusAds:125 - Set database path to: C:\Users\lthst\.stmcufinder\plugins\mcufinder//mcu/
2026-08-16 21:37:09,434 [INFO] CrossReferenceDbSqlite:203 - Set database path to: C:\Users\lthst\.stmcufinder\plugins\mcufinder//mcu/cs/
2026-08-16 21:37:09,692 [INFO] RulesReader:64 - Compatibility file has been processed (301 Rules)
2026-08-16 21:37:09,876 [INFO] DbMcusXml:78 - Set database path to: C:\ST\STM32CubeIDE_1.18.0\STM32CubeIDE\plugins\com.st.stm32cube.common.mx_6.14.0.202502271554\\db\/mcu/
2026-08-16 21:37:09,877 [INFO] ApiDb:274 - Set plugin database path to: C:\ST\STM32CubeIDE_1.18.0\STM32CubeIDE\plugins\com.st.stm32cube.common.mx_6.14.0.202502271554\\db\/plugins/boardmanager/
2026-08-16 21:37:09,877 [INFO] ApiDb:261 - Set plugin images path to: C:\ST\STM32CubeIDE_1.18.0\STM32CubeIDE\plugins\com.st.stm32cube.common.mx_6.14.0.202502271554\\db\/plugins/mcufinder/images/
2026-08-16 21:37:09,877 [WARN] DbFile:41 - Overriding database path with different value: C:\Users\lthst\.stmcufinder\plugins\mcufinder/ => C:\Users\lthst\.stmcufinder\plugins\mcufinder
2026-08-16 21:37:09,877 [INFO] ApiDb:250 - Set database path to: C:\Users\lthst\.stmcufinder\plugins\mcufinder//mcu/
2026-08-16 21:37:09,878 [WARN] DbFile:41 - Overriding database path with different value: C:\Users\lthst\.stmcufinder\plugins\mcufinder/ => C:\Users\lthst\.stmcufinder\plugins\mcufinder
2026-08-16 21:37:09,878 [INFO] DbMcusAds:125 - Set database path to: C:\Users\lthst\.stmcufinder\plugins\mcufinder//mcu/
2026-08-16 21:37:09,878 [WARN] DbFile:41 - Overriding database path with different value: C:\Users\lthst\.stmcufinder\plugins\mcufinder/ => C:\Users\lthst\.stmcufinder\plugins\mcufinder
2026-08-16 21:37:09,878 [WARN] DbFile:41 - Overriding database path with different value: C:\Users\lthst\.stmcufinder\plugins\mcufinder/ => C:\Users\lthst\.stmcufinder\plugins\mcufinder
2026-08-16 21:37:09,878 [INFO] CrossReferenceDbSqlite:203 - Set database path to: C:\Users\lthst\.stmcufinder\plugins\mcufinder//mcu/cs/
2026-08-16 21:37:10,024 [INFO] MainPanel:272 - HeapMemory: 268435456
2026-08-16 21:37:10,223 [INFO] DbMcusXml:78 - Set database path to: C:\ST\STM32CubeIDE_1.18.0\STM32CubeIDE\plugins\com.st.stm32cube.common.mx_6.14.0.202502271554\\db\/mcu/
2026-08-16 21:37:10,223 [INFO] ApiDb:274 - Set plugin database path to: C:\ST\STM32CubeIDE_1.18.0\STM32CubeIDE\plugins\com.st.stm32cube.common.mx_6.14.0.202502271554\\db\/plugins/boardmanager/
2026-08-16 21:37:10,223 [INFO] ApiDb:261 - Set plugin images path to: C:\ST\STM32CubeIDE_1.18.0\STM32CubeIDE\plugins\com.st.stm32cube.common.mx_6.14.0.202502271554\\db\/plugins/mcufinder/images/
2026-08-16 21:37:10,224 [WARN] DbFile:41 - Overriding database path with different value: C:\Users\lthst\.stmcufinder\plugins\mcufinder/ => C:\Users\lthst\.stmcufinder\plugins\mcufinder
2026-08-16 21:37:10,224 [INFO] ApiDb:250 - Set database path to: C:\Users\lthst\.stmcufinder\plugins\mcufinder//mcu/
2026-08-16 21:37:10,224 [WARN] DbFile:41 - Overriding database path with different value: C:\Users\lthst\.stmcufinder\plugins\mcufinder/ => C:\Users\lthst\.stmcufinder\plugins\mcufinder
2026-08-16 21:37:10,225 [INFO] DbMcusAds:125 - Set database path to: C:\Users\lthst\.stmcufinder\plugins\mcufinder//mcu/
2026-08-16 21:37:10,225 [WARN] DbFile:41 - Overriding database path with different value: C:\Users\lthst\.stmcufinder\plugins\mcufinder/ => C:\Users\lthst\.stmcufinder\plugins\mcufinder
2026-08-16 21:37:10,225 [WARN] DbFile:41 - Overriding database path with different value: C:\Users\lthst\.stmcufinder\plugins\mcufinder/ => C:\Users\lthst\.stmcufinder\plugins\mcufinder
2026-08-16 21:37:10,225 [INFO] CrossReferenceDbSqlite:203 - Set database path to: C:\Users\lthst\.stmcufinder\plugins\mcufinder//mcu/cs/
2026-08-16 21:37:10,261 [INFO] ApplicationProperties:184 - Using Application install path: C:\ST\STM32CubeIDE_1.18.0\STM32CubeIDE\plugins\com.st.stm32cube.common.mx_6.14.0.202502271554
2026-08-16 21:37:10,264 [INFO] PluginManage:196 - Search for loadable plugins [exclusion list=, ]
2026-08-16 21:37:10,267 [INFO] PluginManage:310 - Check plugin analytics
2026-08-16 21:37:10,639 [INFO] AnalyticsPlugin:253 - Accepted Software Licenses: 
2026-08-16 21:37:10,639 [INFO] AnalyticsPlugin:255 - Accepted CMSIS Pack Licenses: 
2026-08-16 21:37:10,640 [INFO] AnalyticsPlugin:257 - Accepted Firmware Licenses: FW.F4.1.28.0
2026-08-16 21:37:10,644 [INFO] PluginManage:359 - Loaded plugin analytics (category:tool,tabindex:-1)
2026-08-16 21:37:10,644 [INFO] PluginManage:310 - Check plugin cadmodel
2026-08-16 21:37:10,682 [INFO] CADModel:105 - Init CAD model plugin
2026-08-16 21:37:10,684 [INFO] PluginManage:359 - Loaded plugin cadmodel (category:power,tabindex:5)
2026-08-16 21:37:10,684 [INFO] PluginManage:310 - Check plugin clock
2026-08-16 21:37:10,725 [INFO] PluginManage:359 - Loaded plugin clock (category:base,tabindex:2)
2026-08-16 21:37:10,726 [INFO] PluginManage:310 - Check plugin ddr
2026-08-16 21:37:10,729 [INFO] PluginManage:359 - Loaded plugin ddr (category:tool,tabindex:6)
2026-08-16 21:37:10,730 [INFO] PluginManage:310 - Check plugin filemanager
2026-08-16 21:37:10,998 [INFO] PluginManage:359 - Loaded plugin filemanager (category:base,tabindex:10)
2026-08-16 21:37:10,998 [INFO] PluginManage:310 - Check plugin ipmanager
2026-08-16 21:37:11,012 [INFO] PluginManage:359 - Loaded plugin ipmanager (category:base,tabindex:5)
2026-08-16 21:37:11,013 [INFO] PluginManage:310 - Check plugin lpbam
2026-08-16 21:37:11,042 [INFO] PluginManage:359 - Loaded plugin lpbam (category:base,tabindex:0)
2026-08-16 21:37:11,042 [INFO] PluginManage:310 - Check plugin memorymap
2026-08-16 21:37:11,080 [INFO] PluginManage:359 - Loaded plugin memorymap (category:base,tabindex:4)
2026-08-16 21:37:11,080 [INFO] PluginManage:310 - Check plugin pinoutandconfiguration
2026-08-16 21:37:11,109 [INFO] PluginManage:359 - Loaded plugin pinoutandconfiguration (category:base,tabindex:1)
2026-08-16 21:37:11,110 [INFO] PluginManage:310 - Check plugin pinoutconfig
2026-08-16 21:37:11,277 [WARN] SupportedApi:132 - Cannot load RTOS API schema: s4s-elt-must-match.1: The content of 'definitions' must match (annotation?, (simpleType | complexType)?, (unique | key | keyref)*)). A problem was found starting at: attribute.
2026-08-16 21:37:11,502 [INFO] PluginManage:359 - Loaded plugin pinoutconfig (category:base,tabindex:0)
2026-08-16 21:37:11,503 [INFO] PluginManage:310 - Check plugin power
2026-08-16 21:37:11,543 [INFO] PluginManage:359 - Loaded plugin power (category:power,tabindex:4)
2026-08-16 21:37:11,543 [INFO] PluginManage:310 - Check plugin projectmanager
2026-08-16 21:37:11,572 [INFO] PluginManage:359 - Loaded plugin projectmanager (category:projectmanager,tabindex:4)
2026-08-16 21:37:11,573 [INFO] PluginManage:310 - Check plugin rif
2026-08-16 21:37:11,609 [INFO] PluginManage:359 - Loaded plugin rif (category:base,tabindex:3)
2026-08-16 21:37:11,610 [INFO] PluginManage:310 - Check plugin thirdparty
2026-08-16 21:37:12,322 [INFO] PluginManage:359 - Loaded plugin thirdparty (category:base,tabindex:-1)
2026-08-16 21:37:12,322 [WARN] IntegrityCheckThread:84 - waiting for thirdparty lock release [integrity check]
2026-08-16 21:37:12,322 [INFO] PluginManage:310 - Check plugin tools
2026-08-16 21:37:12,322 [INFO] IntegrityCheckThread:86 - entering critical section [integrity check]
2026-08-16 21:37:12,323 [INFO] ThirdPartyUpdaterWithRetryManager:70 - Updater plugin not ready yet. [1/15]
2026-08-16 21:37:12,422 [INFO] PluginManage:359 - Loaded plugin tools (category:base,tabindex:7)
2026-08-16 21:37:12,422 [INFO] PluginManage:310 - Check plugin tutovideos
2026-08-16 21:37:12,802 [INFO] PluginManage:359 - Loaded plugin tutovideos (category:base,tabindex:-1)
2026-08-16 21:37:12,803 [INFO] PluginManage:310 - Check plugin updater
2026-08-16 21:37:12,842 [INFO] PluginManage:359 - Loaded plugin updater (category:base,tabindex:12)
2026-08-16 21:37:12,842 [INFO] PluginManage:310 - Check plugin userauth
2026-08-16 21:37:12,850 [INFO] UserAuth:118 - Init User Auth plugin
2026-08-16 21:37:12,852 [INFO] PluginManage:359 - Loaded plugin userauth (category:base,tabindex:14)
2026-08-16 21:37:12,853 [INFO] PluginManage:283 - PluginManage : Loaded plugins [18]
2026-08-16 21:37:13,277 [INFO] PinOutPanel:1589 - setPackage(No Configuration,No Configuration)
2026-08-16 21:37:13,482 [INFO] CADModel:165 - CPN selected for project level
2026-08-16 21:37:13,482 [INFO] CADModel:114 - Register for checkConnection events
2026-08-16 21:37:13,543 [INFO] IPUIPlugin:80 - create IPUIPlugin
2026-08-16 21:37:13,544 [INFO] PluginManager:220 - loadIPPluginJar : add adc
2026-08-16 21:37:13,654 [INFO] IPUIPlugin:80 - create IPUIPlugin
2026-08-16 21:37:13,655 [INFO] PluginManager:220 - loadIPPluginJar : add aes
2026-08-16 21:37:13,782 [INFO] IPUIPlugin:80 - create IPUIPlugin
2026-08-16 21:37:13,782 [INFO] PluginManager:220 - loadIPPluginJar : add can
2026-08-16 21:37:13,851 [INFO] IPUIPlugin:80 - create IPUIPlugin
2026-08-16 21:37:13,852 [INFO] PluginManager:220 - loadIPPluginJar : add comp
2026-08-16 21:37:13,950 [INFO] IPUIPlugin:80 - create IPUIPlugin
2026-08-16 21:37:13,950 [INFO] PluginManager:220 - loadIPPluginJar : add cryp
2026-08-16 21:37:13,983 [INFO] IPUIPlugin:80 - create IPUIPlugin
2026-08-16 21:37:13,983 [INFO] PluginManager:220 - loadIPPluginJar : add ddr_ctrl_phy
2026-08-16 21:37:14,072 [INFO] IPUIPlugin:80 - create IPUIPlugin
2026-08-16 21:37:14,073 [INFO] PluginManager:220 - loadIPPluginJar : add dfsdm
2026-08-16 21:37:14,105 [INFO] IPUIPlugin:80 - create IPUIPlugin
2026-08-16 21:37:14,106 [INFO] PluginManager:220 - loadIPPluginJar : add dma
2026-08-16 21:37:14,223 [INFO] IPUIPlugin:80 - create IPUIPlugin
2026-08-16 21:37:14,223 [INFO] PluginManager:220 - loadIPPluginJar : add dma3
2026-08-16 21:37:14,368 [INFO] IPUIPlugin:80 - create IPUIPlugin
2026-08-16 21:37:14,370 [INFO] PluginManager:220 - loadIPPluginJar : add extmemmanager
2026-08-16 21:37:14,431 [INFO] IPUIPlugin:80 - create IPUIPlugin
2026-08-16 21:37:14,431 [INFO] PluginManager:220 - loadIPPluginJar : add fatfs
2026-08-16 21:37:14,568 [INFO] IPUIPlugin:80 - create IPUIPlugin
2026-08-16 21:37:14,568 [INFO] PluginManager:220 - loadIPPluginJar : add fmc
2026-08-16 21:37:14,604 [INFO] IPUIPlugin:80 - create IPUIPlugin
2026-08-16 21:37:14,604 [INFO] PluginManager:220 - loadIPPluginJar : add freertos
2026-08-16 21:37:14,662 [INFO] IPUIPlugin:80 - create IPUIPlugin
2026-08-16 21:37:14,663 [INFO] PluginManager:220 - loadIPPluginJar : add genericplugin
2026-08-16 21:37:14,934 [INFO] IPUIPlugin:80 - create IPUIPlugin
2026-08-16 21:37:14,934 [INFO] PluginManager:220 - loadIPPluginJar : add gfxmmu
2026-08-16 21:37:15,316 [INFO] IPUIPlugin:80 - create IPUIPlugin
2026-08-16 21:37:15,317 [INFO] PluginManager:220 - loadIPPluginJar : add gic
2026-08-16 21:37:15,325 [INFO] ThirdPartyUpdaterWithRetryManager:70 - Updater plugin not ready yet. [2/15]
2026-08-16 21:37:15,345 [INFO] IPUIPlugin:80 - create IPUIPlugin
2026-08-16 21:37:15,345 [INFO] PluginManager:220 - loadIPPluginJar : add gpio
2026-08-16 21:37:15,630 [INFO] IPUIPlugin:80 - create IPUIPlugin
2026-08-16 21:37:15,631 [INFO] PluginManager:220 - loadIPPluginJar : add gtzc
2026-08-16 21:37:15,722 [INFO] IPUIPlugin:80 - create IPUIPlugin
2026-08-16 21:37:15,722 [INFO] PluginManager:220 - loadIPPluginJar : add hash
2026-08-16 21:37:15,870 [INFO] IPUIPlugin:80 - create IPUIPlugin
2026-08-16 21:37:15,871 [INFO] PluginManager:220 - loadIPPluginJar : add i2c
2026-08-16 21:37:15,978 [INFO] IPUIPlugin:80 - create IPUIPlugin
2026-08-16 21:37:15,979 [INFO] PluginManager:220 - loadIPPluginJar : add i2s
2026-08-16 21:37:16,091 [INFO] IPUIPlugin:80 - create IPUIPlugin
2026-08-16 21:37:16,092 [INFO] PluginManager:220 - loadIPPluginJar : add i3c
2026-08-16 21:37:16,413 [INFO] IPUIPlugin:80 - create IPUIPlugin
2026-08-16 21:37:16,413 [INFO] PluginManager:220 - loadIPPluginJar : add ipddr
2026-08-16 21:37:16,680 [INFO] IPUIPlugin:80 - create IPUIPlugin
2026-08-16 21:37:16,681 [INFO] PluginManager:220 - loadIPPluginJar : add linkedlist
2026-08-16 21:37:16,781 [INFO] IPUIPlugin:80 - create IPUIPlugin
2026-08-16 21:37:16,781 [INFO] PluginManager:220 - loadIPPluginJar : add lorawan
2026-08-16 21:37:16,896 [INFO] IPUIPlugin:80 - create IPUIPlugin
2026-08-16 21:37:16,896 [INFO] PluginManager:220 - loadIPPluginJar : add ltdc
2026-08-16 21:37:16,929 [INFO] IPUIPlugin:80 - create IPUIPlugin
2026-08-16 21:37:16,929 [INFO] PluginManager:220 - loadIPPluginJar : add mdma
2026-08-16 21:37:16,958 [INFO] IPUIPlugin:80 - create IPUIPlugin
2026-08-16 21:37:16,959 [INFO] PluginManager:220 - loadIPPluginJar : add nvic
2026-08-16 21:37:17,063 [INFO] IPUIPlugin:80 - create IPUIPlugin
2026-08-16 21:37:17,063 [INFO] PluginManager:220 - loadIPPluginJar : add opamp
2026-08-16 21:37:17,234 [INFO] IPUIPlugin:80 - create IPUIPlugin
2026-08-16 21:37:17,234 [INFO] PluginManager:220 - loadIPPluginJar : add openamp
2026-08-16 21:37:17,356 [INFO] IPUIPlugin:80 - create IPUIPlugin
2026-08-16 21:37:17,357 [INFO] PluginManager:220 - loadIPPluginJar : add pdm2pcm
2026-08-16 21:37:17,390 [INFO] IPUIPlugin:80 - create IPUIPlugin
2026-08-16 21:37:17,394 [INFO] PluginManager:220 - loadIPPluginJar : add plateformsettings
2026-08-16 21:37:17,453 [INFO] IPUIPlugin:80 - create IPUIPlugin
2026-08-16 21:37:17,454 [INFO] PluginManager:220 - loadIPPluginJar : add quadspi
2026-08-16 21:37:17,525 [INFO] IPUIPlugin:80 - create IPUIPlugin
2026-08-16 21:37:17,526 [INFO] PluginManager:220 - loadIPPluginJar : add radio
2026-08-16 21:37:17,559 [INFO] IPUIPlugin:80 - create IPUIPlugin
2026-08-16 21:37:17,559 [INFO] PluginManager:220 - loadIPPluginJar : add resmgrutility
2026-08-16 21:37:17,704 [INFO] IPUIPlugin:80 - create IPUIPlugin
2026-08-16 21:37:17,705 [INFO] PluginManager:220 - loadIPPluginJar : add sai
2026-08-16 21:37:17,804 [INFO] IPUIPlugin:80 - create IPUIPlugin
2026-08-16 21:37:17,804 [INFO] PluginManager:220 - loadIPPluginJar : add spi
2026-08-16 21:37:18,052 [INFO] IPUIPlugin:80 - create IPUIPlugin
2026-08-16 21:37:18,052 [INFO] PluginManager:220 - loadIPPluginJar : add stm32_wpan
2026-08-16 21:37:18,117 [INFO] IPUIPlugin:80 - create IPUIPlugin
2026-08-16 21:37:18,117 [INFO] PluginManager:220 - loadIPPluginJar : add tim
2026-08-16 21:37:18,310 [INFO] IPUIPlugin:80 - create IPUIPlugin
2026-08-16 21:37:18,310 [INFO] PluginManager:220 - loadIPPluginJar : add touchsensing
2026-08-16 21:37:18,326 [INFO] ThirdPartyUpdaterWithRetryManager:70 - Updater plugin not ready yet. [3/15]
2026-08-16 21:37:18,376 [INFO] IPUIPlugin:80 - create IPUIPlugin
2026-08-16 21:37:18,376 [INFO] PluginManager:220 - loadIPPluginJar : add tracer_emb
2026-08-16 21:37:18,441 [INFO] IPUIPlugin:80 - create IPUIPlugin
2026-08-16 21:37:18,441 [INFO] PluginManager:220 - loadIPPluginJar : add ts
2026-08-16 21:37:18,506 [INFO] IPUIPlugin:80 - create IPUIPlugin
2026-08-16 21:37:18,506 [INFO] PluginManager:220 - loadIPPluginJar : add tsc
2026-08-16 21:37:18,568 [INFO] IPUIPlugin:80 - create IPUIPlugin
2026-08-16 21:37:18,569 [INFO] PluginManager:220 - loadIPPluginJar : add ucpd
2026-08-16 21:37:18,698 [INFO] IPUIPlugin:80 - create IPUIPlugin
2026-08-16 21:37:18,699 [INFO] PluginManager:220 - loadIPPluginJar : add usart
2026-08-16 21:37:18,831 [INFO] IPUIPlugin:80 - create IPUIPlugin
2026-08-16 21:37:18,831 [INFO] PluginManager:220 - loadIPPluginJar : add usbx
2026-08-16 21:37:19,014 [FATAL] Updater:351 - Updater called before beeing initialized
2026-08-16 21:37:19,076 [INFO] RulesReader:64 - Compatibility file has been processed (301 Rules)
2026-08-16 21:37:19,102 [INFO] RulesReader:64 - Compatibility file has been processed (301 Rules)
2026-08-16 21:37:19,119 [INFO] CADModel:165 - CPN selected for project level
2026-08-16 21:37:19,120 [INFO] CADModel:114 - Register for checkConnection events
2026-08-16 21:37:19,121 [FATAL] Updater:351 - Updater called before beeing initialized
2026-08-16 21:37:19,121 [ERROR] CADModel:125 - Updater not yet initialized, retry later 
2026-08-16 21:37:19,382 [FATAL] Updater:351 - Updater called before beeing initialized
2026-08-16 21:37:19,385 [INFO] CADModel:165 - CPN selected for project level
2026-08-16 21:37:19,386 [INFO] CADModel:114 - Register for checkConnection events
2026-08-16 21:37:19,386 [FATAL] Updater:351 - Updater called before beeing initialized
2026-08-16 21:37:19,386 [ERROR] CADModel:125 - Updater not yet initialized, retry later 
2026-08-16 21:37:19,392 [FATAL] Updater:351 - Updater called before beeing initialized
2026-08-16 21:37:19,688 [FATAL] Updater:351 - Updater called before beeing initialized
2026-08-16 21:37:19,716 [INFO] DbMcusAds:53 - JSON generation date=Mon Apr 27 17:14:29 KST 2026 (1777277669683)
2026-08-16 21:37:19,717 [FATAL] Updater:351 - Updater called before beeing initialized
2026-08-16 21:37:19,796 [WARN] DetailPanel:346 - Failed to get advertising image, set to default
2026-08-16 21:37:20,336 [FATAL] Updater:351 - Updater called before beeing initialized
2026-08-16 21:37:20,338 [FATAL] Updater:351 - Updater called before beeing initialized
2026-08-16 21:37:20,339 [FATAL] Updater:351 - Updater called before beeing initialized
2026-08-16 21:37:20,339 [WARN] DetailPanel:346 - Failed to get advertising image, set to default
2026-08-16 21:37:20,340 [FATAL] Updater:351 - Updater called before beeing initialized
2026-08-16 21:37:20,467 [ERROR] Updater:1198 - MainUpdater not yet initialized. External WinMGr cannot be set.
2026-08-16 21:37:20,493 [INFO] Updater:1134 - Updater Version found : 6.14.0
2026-08-16 21:37:20,523 [INFO] ApplicationProperties:184 - Using Application install path: C:\ST\STM32CubeIDE_1.18.0\STM32CubeIDE\plugins\com.st.stm32cube.common.mx_6.14.0.202502271554
2026-08-16 21:37:21,259 [INFO] MainUpdater:2872 - connection check result : 10
2026-08-16 21:37:21,260 [INFO] MainUpdater:289 - Updater Check For Update Now.
2026-08-16 21:37:21,260 [INFO] MicroXplorer:498 - Change Database Version : DB.6.0.140
2026-08-16 21:37:21,294 [INFO] McuFinderGlobals:63 - Set McuFinder mode to 2 (CubeIDE integrated)
2026-08-16 21:37:21,311 [INFO] UserAuth:486 - Internet connection configuration mode: 1
2026-08-16 21:37:21,327 [WARN] MainUpdater:1193 - Updater busy. Cannot search thirdparties
2026-08-16 21:37:21,327 [INFO] ThirdPartyUpdaterWithRetryManager:96 - Updater plugin is busy. [1/15]
2026-08-16 21:37:21,372 [INFO] JxBrowserEngine:152 - Initiate JxBrowser Engine with user profile folder
2026-08-16 21:37:21,614 [INFO] CheckServerUpdateThread:120 - End of CheckServer Thread
2026-08-16 21:37:23,987 [INFO] WebApp:169 - Instantiating new browser for Auth
2026-08-16 21:37:25,129 [WARN] PackLoader:240 - Cannot read IP mode file for STMicroelectronics.X-CUBE-AZRTOS-H7.3.5.0
2026-08-16 21:37:25,176 [WARN] PackLoader:240 - Cannot read IP mode file for STMicroelectronics.FP-SNS-MOTENVWB1.1.4.0
2026-08-16 21:37:25,215 [WARN] PackLoader:240 - Cannot read IP mode file for STMicroelectronics.FP-ATR-ASTRA1.2.0.3
2026-08-16 21:37:25,249 [WARN] PackLoader:240 - Cannot read IP mode file for STMicroelectronics.FP-ATR-ASTRA1.2.0.2
2026-08-16 21:37:25,283 [ERROR] Engine:466 - C:\Users\lthst\.stm32cubemx\thirdparties\pdsc\STMicroelectronics.X-CUBE-SMBUS.2.1.1.pdsc: PDSC version is not supported
2026-08-16 21:37:25,313 [WARN] PackLoader:240 - Cannot read IP mode file for STMicroelectronics.X-CUBE-SMBUS.2.1.0
2026-08-16 21:37:25,357 [WARN] PackLoader:240 - Cannot read IP mode file for STMicroelectronics.X-CUBE-WB05N.1.1.0
2026-08-16 21:37:25,390 [WARN] PackLoader:240 - Cannot read IP mode file for STMicroelectronics.X-CUBE-ST60.1.0.0
2026-08-16 21:37:25,458 [WARN] PackLoader:240 - Cannot read IP mode file for STMicroelectronics.X-CUBE-AZRTOS-F7.1.1.0
2026-08-16 21:37:25,499 [ERROR] Engine:466 - C:\Users\lthst\.stm32cubemx\thirdparties\pdsc\STMicroelectronics.X-CUBE-FREERTOS.1.6.0.pdsc: PDSC version is not supported
2026-08-16 21:37:25,532 [ERROR] Engine:466 - C:\Users\lthst\.stm32cubemx\thirdparties\pdsc\STMicroelectronics.FP-SNS-MOTENV1.5.1.0.pdsc: PDSC version is not supported
2026-08-16 21:37:25,608 [WARN] PackLoader:240 - Cannot read IP mode file for STMicroelectronics.X-CUBE-AZRTOS-H7RS.1.3.0
2026-08-16 21:37:25,693 [WARN] PackLoader:240 - Cannot read IP mode file for Infineon.AIROC-Wi-Fi-Bluetooth-STM32.1.7.0
2026-08-16 21:37:25,778 [WARN] PackLoader:240 - Cannot read IP mode file for STMicroelectronics.X-CUBE-AZRTOS-H7.3.4.0
2026-08-16 21:37:25,809 [INFO] WebApp:463 - Apply proxy settings
2026-08-16 21:37:25,810 [INFO] WebApp:548 - Chromium requires no authentication
2026-08-16 21:37:25,821 [WARN] PackLoader:240 - Cannot read IP mode file for STMicroelectronics.X-CUBE-DISPLAY.3.0.0
2026-08-16 21:37:25,826 [INFO] WebApp:491 - Direct internet connection detected
2026-08-16 21:37:25,866 [WARN] PackLoader:240 - Cannot read IP mode file for STMicroelectronics.X-CUBE-GNSS1.7.1.1
2026-08-16 21:37:25,889 [INFO] WebApp:894 - Register for checkConnection events
2026-08-16 21:37:25,890 [INFO] WebApp:463 - Apply proxy settings
2026-08-16 21:37:25,890 [INFO] WebApp:548 - Chromium requires no authentication
2026-08-16 21:37:25,892 [INFO] WebApp:491 - Direct internet connection detected
2026-08-16 21:37:25,895 [ERROR] Engine:466 - C:\Users\lthst\.stm32cubemx\thirdparties\pdsc\STMicroelectronics.FP-SNS-MOTENVWB1.1.5.0.pdsc: PDSC version is not supported
2026-08-16 21:37:25,935 [WARN] PackLoader:240 - Cannot read IP mode file for STMicroelectronics.X-CUBE-NFC10.1.0.0
2026-08-16 21:37:25,977 [WARN] PackLoader:240 - Cannot read IP mode file for STMicroelectronics.X-CUBE-BLEMGR.4.0.0
2026-08-16 21:37:26,016 [WARN] PackLoader:240 - Cannot read IP mode file for STMicroelectronics.X-CUBE-ST60.1.1.0
2026-08-16 21:37:26,075 [WARN] PackLoader:240 - Cannot read IP mode file for emotas.I-CUBE-CANOPEN.1.3.0
2026-08-16 21:37:26,102 [ERROR] Engine:466 - C:\Users\lthst\.stm32cubemx\thirdparties\pdsc\STMicroelectronics.X-CUBE-WBA.1.1.0.pdsc: PDSC version is not supported
2026-08-16 21:37:26,131 [WARN] PackLoader:240 - Cannot read IP mode file for STMicroelectronics.X-CUBE-GNSS1.7.1.0
2026-08-16 21:37:26,168 [WARN] ConditionMgr:438 - getConditionDescription Invalid condition id : Cortex-A Device cause : null
2026-08-16 21:37:26,220 [WARN] ConditionMgr:1044 - genDependencies : Invalid condition id : Cortex-A Device cause : null
2026-08-16 21:37:26,221 [WARN] ConditionMgr:1044 - genDependencies : Invalid condition id : Cortex-A Device cause : null
2026-08-16 21:37:26,221 [WARN] ConditionMgr:1044 - genDependencies : Invalid condition id : Cortex-A Device cause : null
2026-08-16 21:37:26,254 [WARN] PackLoader:240 - Cannot read IP mode file for STMicroelectronics.X-CUBE-AI.10.0.0
2026-08-16 21:37:26,284 [ERROR] Engine:466 - C:\Users\lthst\.stm32cubemx\thirdparties\pdsc\STMicroelectronics.FP-SNS-STBOX1.2.1.0.pdsc: PDSC version is not supported
2026-08-16 21:37:26,315 [WARN] PackLoader:240 - Cannot read IP mode file for STMicroelectronics.FP-SNS-SMARTAG2.1.2.0
2026-08-16 21:37:26,326 [INFO] WebApp:225 - Starting web application
2026-08-16 21:37:26,328 [INFO] WebApp:593 - Web application path used C:\ST\STM32CubeIDE_1.18.0\STM32CubeIDE\plugins\com.st.stm32cube.common.mx_6.14.0.202502271554\db\plugins\mcufinder\reactClient1\index.html
2026-08-16 21:37:26,357 [WARN] PackLoader:240 - Cannot read IP mode file for STMicroelectronics.FP-SNS-FLIGHT1.5.1.0
2026-08-16 21:37:26,423 [INFO] WebApp:191 - Connection restablished
2026-08-16 21:37:26,477 [WARN] PackLoader:240 - Cannot read IP mode file for STMicroelectronics.X-CUBE-MEMS1.11.1.0
2026-08-16 21:37:26,892 [INFO] LogOutputStream:77 - [STDOUT_REDIRECT] 1 : Invalid condition id : UX_CORESTACK_Condition cause : null
2026-08-16 21:37:26,893 [INFO] LogOutputStream:77 - [STDOUT_REDIRECT] 1 : Invalid condition id : UX_CORESTACK_Condition cause : null
2026-08-16 21:37:26,895 [INFO] LogOutputStream:77 - [STDOUT_REDIRECT] 1 : Invalid condition id : UX_CORESTACK_Condition cause : null
2026-08-16 21:37:26,897 [INFO] LogOutputStream:77 - [STDOUT_REDIRECT] 1 : Invalid condition id : UX_CORESTACK_Condition cause : null
2026-08-16 21:37:26,900 [INFO] LogOutputStream:77 - [STDOUT_REDIRECT] 1 : Invalid condition id : UX_CORESTACK_Condition cause : null
2026-08-16 21:37:26,904 [WARN] PackLoader:240 - Cannot read IP mode file for STMicroelectronics.X-CUBE-AZRTOS-WL.2.0.0
2026-08-16 21:37:26,941 [WARN] PackLoader:240 - Cannot read IP mode file for STMicroelectronics.FP-SNS-MOTENV1.5.0.0
2026-08-16 21:37:27,010 [WARN] PackLoader:240 - Cannot read IP mode file for STMicroelectronics.X-CUBE-AZRTOS-H7RS.1.2.0
2026-08-16 21:37:27,053 [WARN] PackLoader:240 - Cannot read IP mode file for WES.I-CUBE-Cesium.1.3.0
2026-08-16 21:37:27,090 [WARN] PackLoader:240 - Cannot read IP mode file for STMicroelectronics.X-CUBE-BLE2.3.3.0
2026-08-16 21:37:27,242 [WARN] PackLoader:240 - Cannot read IP mode file for STMicroelectronics.X-CUBE-NFC9.1.0.0
2026-08-16 21:37:27,281 [WARN] PackLoader:240 - Cannot read IP mode file for STMicroelectronics.X-CUBE-BLE1.7.1.0
2026-08-16 21:37:27,312 [WARN] PackLoader:240 - Cannot read IP mode file for wolfSSL.I-CUBE-wolfMQTT.1.19.2
2026-08-16 21:37:27,343 [ERROR] Engine:466 - C:\Users\lthst\.stm32cubemx\thirdparties\pdsc\STMicroelectronics.X-CUBE-FREERTOS.1.4.0.pdsc: PDSC version is not supported
2026-08-16 21:37:27,385 [WARN] PackLoader:240 - Cannot read IP mode file for STMicroelectronics.X-CUBE-EEPRMA1.5.2.0
2026-08-16 21:37:27,417 [ERROR] Engine:466 - C:\Users\lthst\.stm32cubemx\thirdparties\pdsc\STMicroelectronics.X-CUBE-ST67W61.1.1.0.pdsc: PDSC version is not supported
2026-08-16 21:37:27,452 [WARN] PackLoader:240 - Cannot read IP mode file for STMicroelectronics.X-CUBE-AI.10.1.0
2026-08-16 21:37:27,481 [ERROR] Engine:466 - C:\Users\lthst\.stm32cubemx\thirdparties\pdsc\STMicroelectronics.FP-SNS-STAIOTCFT.1.1.0.pdsc: PDSC version is not supported
2026-08-16 21:37:27,589 [WARN] PackLoader:240 - Cannot read IP mode file for STMicroelectronics.X-CUBE-MEMS1.12.0.0
2026-08-16 21:37:27,805 [WARN] PackLoader:240 - Cannot read IP mode file for STMicroelectronics.X-CUBE-MEMS1.11.2.0
2026-08-16 21:37:28,052 [WARN] PackLoader:240 - Cannot read IP mode file for STMicroelectronics.X-CUBE-AZRTOS-G0.1.1.0
2026-08-16 21:37:28,092 [WARN] PackLoader:240 - Cannot read IP mode file for STMicroelectronics.X-CUBE-SAFEA1.1.2.2
2026-08-16 21:37:28,130 [WARN] PackLoader:240 - Cannot read IP mode file for STMicroelectronics.X-CUBE-NFC4.3.0.0
2026-08-16 21:37:28,172 [WARN] PackLoader:240 - Cannot read IP mode file for EmbeddedOffice.I-CUBE-FS-RTOS.1.0.1
2026-08-16 21:37:28,209 [WARN] PackLoader:240 - Cannot read IP mode file for STMicroelectronics.X-CUBE-WB05N.2.0.0
2026-08-16 21:37:28,240 [WARN] PackLoader:240 - Cannot read IP mode file for wolfSSL.I-CUBE-wolfTPM.3.8.0
2026-08-16 21:37:28,277 [WARN] PackLoader:240 - Cannot read IP mode file for STMicroelectronics.X-CUBE-TCPP.4.2.0
2026-08-16 21:37:28,314 [WARN] PackLoader:240 - Cannot read IP mode file for RealThread.X-CUBE-RT-Thread_Nano.4.1.1
2026-08-16 21:37:28,347 [WARN] PackLoader:240 - Cannot read IP mode file for STMicroelectronics.FP-ATR-SIGFOX1.3.2.0
2026-08-16 21:37:28,387 [WARN] PackLoader:240 - Cannot read IP mode file for STMicroelectronics.X-CUBE-EEPRMA1.5.1.0
2026-08-16 21:37:28,417 [ERROR] Engine:466 - C:\Users\lthst\.stm32cubemx\thirdparties\pdsc\STMicroelectronics.X-CUBE-FREERTOS.1.5.0.pdsc: PDSC version is not supported
2026-08-16 21:37:28,452 [WARN] PackLoader:240 - Cannot read IP mode file for wolfSSL.I-CUBE-wolfSSL.5.7.6
2026-08-16 21:37:28,489 [WARN] PackLoader:240 - Cannot read IP mode file for ITTIA_DB.I-CUBE-ITTIADB.8.9.0
2026-08-16 21:37:28,531 [WARN] PackLoader:240 - Cannot read IP mode file for STMicroelectronics.X-CUBE-NFC6.3.2.0
2026-08-16 21:37:28,574 [WARN] PackLoader:240 - Cannot read IP mode file for STMicroelectronics.X-CUBE-ST67W61.1.0.0
2026-08-16 21:37:28,605 [WARN] PackLoader:240 - Cannot read IP mode file for STMicroelectronics.X-CUBE-AI.10.2.1
2026-08-16 21:37:28,639 [WARN] PackLoader:240 - Cannot read IP mode file for STMicroelectronics.X-CUBE-AI.10.2.0
2026-08-16 21:37:28,825 [WARN] PackLoader:240 - Cannot read IP mode file for STMicroelectronics.X-CUBE-MEMS1.12.1.0
2026-08-16 21:37:29,072 [WARN] PackLoader:240 - Cannot read IP mode file for SEGGER.I-CUBE-embOS.1.3.1
2026-08-16 21:37:29,155 [WARN] PackLoader:240 - Cannot read IP mode file for STMicroelectronics.X-CUBE-ALGOBUILD.1.4.0
2026-08-16 21:37:29,261 [WARN] PackLoader:240 - Cannot read IP mode file for STMicroelectronics.X-CUBE-MEMS1.11.3.0
2026-08-16 21:37:29,340 [INFO] UserAuth:486 - Internet connection configuration mode: 1
2026-08-16 21:37:29,511 [WARN] PackLoader:240 - Cannot read IP mode file for STMicroelectronics.X-CUBE-NFC13.1.0.0
2026-08-16 21:37:29,545 [WARN] PackLoader:240 - Cannot read IP mode file for STMicroelectronics.X-CUBE-PM33A1.1.0.0
2026-08-16 21:37:29,608 [WARN] PackLoader:240 - Cannot read IP mode file for STMicroelectronics.X-CUBE-AZRTOS-F4.1.1.0
2026-08-16 21:37:29,647 [WARN] PackLoader:240 - Cannot read IP mode file for Avnet-IotConnect.X-CUBE-IoTC-DA16k-PMOD.1.0.0
2026-08-16 21:37:29,681 [WARN] PackLoader:240 - Cannot read IP mode file for STMicroelectronics.X-CUBE-ISPU.2.1.0
2026-08-16 21:37:29,721 [ERROR] Engine:466 - C:\Users\lthst\.stm32cubemx\thirdparties\pdsc\STMicroelectronics.X-CUBE-IPS.3.2.0.pdsc: PDSC version is not supported
2026-08-16 21:37:29,753 [WARN] PackLoader:240 - Cannot read IP mode file for STMicroelectronics.eDS-WB_DPC_TT-BIDIR.2.1.1
2026-08-16 21:37:29,789 [WARN] PackLoader:240 - Cannot read IP mode file for STMicroelectronics.X-CUBE-NFC12.1.0.0
2026-08-16 21:37:29,855 [WARN] PackLoader:240 - Cannot read IP mode file for STMicroelectronics.X-CUBE-AZRTOS-L5.2.0.0
2026-08-16 21:37:29,890 [WARN] PackLoader:240 - Cannot read IP mode file for STMicroelectronics.X-CUBE-NFC6.3.1.0
2026-08-16 21:37:29,931 [WARN] PackLoader:240 - Cannot read IP mode file for STMicroelectronics.X-CUBE-ALGOBUILD.1.5.0
2026-08-16 21:37:29,966 [WARN] PackLoader:240 - Cannot read IP mode file for STMicroelectronics.X-CUBE-DPower.1.2.0
2026-08-16 21:37:29,997 [WARN] PackLoader:240 - Cannot read IP mode file for STMicroelectronics.eDS-WB_DPC_VIENNA.1.2.0
2026-08-16 21:37:30,117 [WARN] PackLoader:240 - Cannot read IP mode file for STMicroelectronics.X-CUBE-MEMS1.13.0.0
2026-08-16 21:37:30,224 [WARN] PackLoader:240 - Cannot read IP mode file for STMicroelectronics.eDS-WB_DPC_3PH2L-BIDIR.1.1.1
2026-08-16 21:37:30,258 [ERROR] Engine:466 - C:\Users\lthst\.stm32cubemx\thirdparties\pdsc\STMicroelectronics.X-CUBE-ST67W61.1.3.0.pdsc: PDSC version is not supported
2026-08-16 21:37:30,292 [WARN] PackLoader:240 - Cannot read IP mode file for STMicroelectronics.X-CUBE-FREERTOS.1.3.1
2026-08-16 21:37:30,324 [WARN] PackLoader:240 - Cannot read IP mode file for STMicroelectronics.X-CUBE-FREERTOS.1.3.0
2026-08-16 21:37:30,360 [WARN] PackLoader:240 - Cannot read IP mode file for STMicroelectronics.X-CUBE-NFC7.1.0.1
2026-08-16 21:37:30,397 [WARN] PackLoader:240 - Cannot read IP mode file for STMicroelectronics.X-CUBE-TOUCHGFX.4.26.0
2026-08-16 21:37:30,434 [WARN] PackLoader:240 - Cannot read IP mode file for STMicroelectronics.X-CUBE-TOUCHGFX.4.26.1
2026-08-16 21:37:30,470 [WARN] PackLoader:240 - Cannot read IP mode file for STMicroelectronics.FP-SNS-STAIOTCFT.1.0.0
2026-08-16 21:37:30,513 [WARN] PackLoader:240 - Cannot read IP mode file for STMicroelectronics.X-CUBE-DPower.1.3.0
2026-08-16 21:37:30,578 [WARN] ConditionMgr:438 - getConditionDescription Invalid condition id : LAN8742 Phy interface Condition cause : null
2026-08-16 21:37:30,579 [WARN] PackLoader:240 - Cannot read IP mode file for STMicroelectronics.X-CUBE-AZRTOS-L4.2.0.0
2026-08-16 21:37:30,580 [WARN] ConditionMgr:1044 - genDependencies : Invalid condition id : LAN8742 Phy interface Condition cause : null
2026-08-16 21:37:30,581 [WARN] ConditionMgr:1044 - genDependencies : Invalid condition id : LAN8742 Phy interface Condition cause : null
2026-08-16 21:37:30,582 [WARN] ConditionMgr:1044 - genDependencies : Invalid condition id : LAN8742 Phy interface Condition cause : null
2026-08-16 21:37:30,620 [WARN] PackLoader:240 - Cannot read IP mode file for STMicroelectronics.X-CUBE-SFXS2LP1.4.0.0
2026-08-16 21:37:30,655 [WARN] PackLoader:240 - Cannot read IP mode file for STMicroelectronics.X-CUBE-WB05N.2.1.0
2026-08-16 21:37:30,693 [ERROR] Engine:466 - C:\Users\lthst\.stm32cubemx\thirdparties\pdsc\STMicroelectronics.X-CUBE-ST67W61.1.2.0.pdsc: PDSC version is not supported
2026-08-16 21:37:30,754 [WARN] PackLoader:240 - Cannot read IP mode file for STMicroelectronics.X-CUBE-AZRTOS-H7.3.3.0
2026-08-16 21:37:30,797 [WARN] PackLoader:240 - Cannot read IP mode file for STMicroelectronics.X-CUBE-BLEMGR.4.1.0
2026-08-16 21:37:30,862 [WARN] ConditionMgr:438 - getConditionDescription Invalid condition id : UX DEVICE CLASS RTOS Condition cause : null
2026-08-16 21:37:30,863 [WARN] ConditionMgr:438 - getConditionDescription Invalid condition id : UX DEVICE CLASS RTOS Condition cause : null
2026-08-16 21:37:30,865 [WARN] PackLoader:240 - Cannot read IP mode file for STMicroelectronics.X-CUBE-AZRTOS-WB.2.0.0
2026-08-16 21:37:30,866 [WARN] ConditionMgr:1044 - genDependencies : Invalid condition id : UX DEVICE CLASS RTOS Condition cause : null
2026-08-16 21:37:30,866 [WARN] ConditionMgr:1044 - genDependencies : Invalid condition id : UX DEVICE CLASS RTOS Condition cause : null
2026-08-16 21:37:30,867 [WARN] ConditionMgr:1044 - genDependencies : Invalid condition id : UX DEVICE CLASS RTOS Condition cause : null
2026-08-16 21:37:30,867 [WARN] ConditionMgr:1044 - genDependencies : Invalid condition id : UX DEVICE CLASS RTOS Condition cause : null
2026-08-16 21:37:30,868 [WARN] ConditionMgr:1044 - genDependencies : Invalid condition id : UX DEVICE CLASS RTOS Condition cause : null
2026-08-16 21:37:30,898 [WARN] PackLoader:240 - Cannot read IP mode file for STMicroelectronics.X-CUBE-GNSS1.7.0.1
2026-08-16 21:37:30,931 [WARN] PackLoader:240 - Cannot read IP mode file for STMicroelectronics.X-CUBE-TOUCHGFX.4.25.0
2026-08-16 21:37:30,966 [WARN] PackLoader:240 - Cannot read IP mode file for STMicroelectronics.FP-SNS-STBOX1.2.0.0
2026-08-16 21:37:31,005 [WARN] PackLoader:240 - Cannot read IP mode file for STMicroelectronics.X-CUBE-STSE01.2.0.0
2026-08-16 21:37:31,046 [WARN] PackLoader:240 - Cannot read IP mode file for STMicroelectronics.X-CUBE-SUBG2.5.0.0
2026-08-16 21:37:31,128 [WARN] PackLoader:240 - Cannot read IP mode file for STMicroelectronics.X-CUBE-AZRTOS-H7RS.1.1.0
2026-08-16 21:37:31,170 [WARN] PackLoader:240 - Cannot read IP mode file for Cesanta.I-CUBE-Mongoose.7.13.0
2026-08-16 21:37:31,229 [WARN] PackLoader:240 - Cannot read IP mode file for STMicroelectronics.X-CUBE-AZRTOS-G4.2.0.0
2026-08-16 21:37:31,261 [WARN] PackLoader:240 - Cannot read IP mode file for wolfSSL.I-CUBE-wolfSSH.1.4.20
2026-08-16 21:37:31,301 [WARN] PackLoader:240 - Cannot read IP mode file for STMicroelectronics.X-CUBE-NFC7.2.0.0
2026-08-16 21:37:31,344 [WARN] PackLoader:240 - Cannot read IP mode file for STMicroelectronics.X-CUBE-IPS.3.1.0
2026-08-16 21:37:31,384 [ERROR] Engine:466 - C:\Users\lthst\.stm32cubemx\thirdparties\pdsc\STMicroelectronics.X-CUBE-BLEMGR.4.2.0.pdsc: PDSC version is not supported
2026-08-16 21:37:31,414 [WARN] PackLoader:240 - Cannot read IP mode file for STMicroelectronics.X-CUBE-ALS.1.0.2
2026-08-16 21:37:31,451 [WARN] PackLoader:240 - Cannot read IP mode file for STMicroelectronics.X-CUBE-STSE01.1.0.0
2026-08-16 21:37:31,487 [WARN] PackLoader:240 - Cannot read IP mode file for portGmbH.I-Cube-SoM-uGOAL.1.1.0
2026-08-16 21:37:31,531 [WARN] PackLoader:240 - Cannot read IP mode file for STMicroelectronics.X-CUBE-TOF1.3.4.2
2026-08-16 21:37:31,581 [WARN] PackLoader:240 - Cannot read IP mode file for STMicroelectronics.X-CUBE-TOF1.3.4.3
2026-08-16 21:37:31,596 [INFO] ThirdParty:978 - Integrity check success = true
2026-08-16 21:37:31,596 [INFO] IntegrityCheckThread:100 - exiting critical section [integrity check]
2026-08-16 21:37:31,596 [INFO] IntegrityCheckThread:103 - End integrity checks thread
2026-08-16 23:48:16,522 [ERROR] LogOutputStream:75 - [STDERR_REDIRECT] 
