2026-08-15 20:02:34,966 [INFO] Activator:176 - 


2026-08-15 20:02:34,985 [INFO] Activator:177 - !SESSION log4j initialized
2026-08-15 20:02:41,228 [INFO] LogOutputStream:77 - [STDOUT_REDIRECT] 
2026-08-15 20:02:44,115 [INFO] ApplicationProperties:184 - Using Application install path: C:\ST\STM32CubeIDE_1.18.0\STM32CubeIDE\plugins\com.st.stm32cube.common.mx_6.14.0.202502271554
2026-08-15 20:02:44,137 [INFO] DbMcusXml:78 - Set database path to: C:\ST\STM32CubeIDE_1.18.0\STM32CubeIDE\plugins\com.st.stm32cube.common.mx_6.14.0.202502271554\\db\/mcu/
2026-08-15 20:02:44,137 [INFO] ApiDb:274 - Set plugin database path to: C:\ST\STM32CubeIDE_1.18.0\STM32CubeIDE\plugins\com.st.stm32cube.common.mx_6.14.0.202502271554\\db\/plugins/boardmanager/
2026-08-15 20:02:44,137 [WARN] ApiDb:259 - Overriding images path with different value:  => C:\ST\STM32CubeIDE_1.18.0\STM32CubeIDE\plugins\com.st.stm32cube.common.mx_6.14.0.202502271554\\db\/plugins/mcufinder/images/
2026-08-15 20:02:44,149 [INFO] ApiDb:250 - Set database path to: C:\Users\lthst\.stmcufinder\plugins\mcufinder//mcu/
2026-08-15 20:02:44,150 [INFO] DbMcusAds:125 - Set database path to: C:\Users\lthst\.stmcufinder\plugins\mcufinder//mcu/
2026-08-15 20:02:44,154 [INFO] CrossReferenceDbSqlite:203 - Set database path to: C:\Users\lthst\.stmcufinder\plugins\mcufinder//mcu/cs/
2026-08-15 20:02:44,319 [INFO] RulesReader:64 - Compatibility file has been processed (301 Rules)
2026-08-15 20:02:44,444 [INFO] DbMcusXml:78 - Set database path to: C:\ST\STM32CubeIDE_1.18.0\STM32CubeIDE\plugins\com.st.stm32cube.common.mx_6.14.0.202502271554\\db\/mcu/
2026-08-15 20:02:44,444 [INFO] ApiDb:274 - Set plugin database path to: C:\ST\STM32CubeIDE_1.18.0\STM32CubeIDE\plugins\com.st.stm32cube.common.mx_6.14.0.202502271554\\db\/plugins/boardmanager/
2026-08-15 20:02:44,444 [INFO] ApiDb:261 - Set plugin images path to: C:\ST\STM32CubeIDE_1.18.0\STM32CubeIDE\plugins\com.st.stm32cube.common.mx_6.14.0.202502271554\\db\/plugins/mcufinder/images/
2026-08-15 20:02:44,444 [WARN] DbFile:41 - Overriding database path with different value: C:\Users\lthst\.stmcufinder\plugins\mcufinder/ => C:\Users\lthst\.stmcufinder\plugins\mcufinder
2026-08-15 20:02:44,444 [INFO] ApiDb:250 - Set database path to: C:\Users\lthst\.stmcufinder\plugins\mcufinder//mcu/
2026-08-15 20:02:44,445 [WARN] DbFile:41 - Overriding database path with different value: C:\Users\lthst\.stmcufinder\plugins\mcufinder/ => C:\Users\lthst\.stmcufinder\plugins\mcufinder
2026-08-15 20:02:44,445 [INFO] DbMcusAds:125 - Set database path to: C:\Users\lthst\.stmcufinder\plugins\mcufinder//mcu/
2026-08-15 20:02:44,445 [WARN] DbFile:41 - Overriding database path with different value: C:\Users\lthst\.stmcufinder\plugins\mcufinder/ => C:\Users\lthst\.stmcufinder\plugins\mcufinder
2026-08-15 20:02:44,445 [WARN] DbFile:41 - Overriding database path with different value: C:\Users\lthst\.stmcufinder\plugins\mcufinder/ => C:\Users\lthst\.stmcufinder\plugins\mcufinder
2026-08-15 20:02:44,445 [INFO] CrossReferenceDbSqlite:203 - Set database path to: C:\Users\lthst\.stmcufinder\plugins\mcufinder//mcu/cs/
2026-08-15 20:02:44,557 [INFO] MainPanel:272 - HeapMemory: 268435456
2026-08-15 20:02:44,687 [INFO] DbMcusXml:78 - Set database path to: C:\ST\STM32CubeIDE_1.18.0\STM32CubeIDE\plugins\com.st.stm32cube.common.mx_6.14.0.202502271554\\db\/mcu/
2026-08-15 20:02:44,687 [INFO] ApiDb:274 - Set plugin database path to: C:\ST\STM32CubeIDE_1.18.0\STM32CubeIDE\plugins\com.st.stm32cube.common.mx_6.14.0.202502271554\\db\/plugins/boardmanager/
2026-08-15 20:02:44,687 [INFO] ApiDb:261 - Set plugin images path to: C:\ST\STM32CubeIDE_1.18.0\STM32CubeIDE\plugins\com.st.stm32cube.common.mx_6.14.0.202502271554\\db\/plugins/mcufinder/images/
2026-08-15 20:02:44,688 [WARN] DbFile:41 - Overriding database path with different value: C:\Users\lthst\.stmcufinder\plugins\mcufinder/ => C:\Users\lthst\.stmcufinder\plugins\mcufinder
2026-08-15 20:02:44,688 [INFO] ApiDb:250 - Set database path to: C:\Users\lthst\.stmcufinder\plugins\mcufinder//mcu/
2026-08-15 20:02:44,688 [WARN] DbFile:41 - Overriding database path with different value: C:\Users\lthst\.stmcufinder\plugins\mcufinder/ => C:\Users\lthst\.stmcufinder\plugins\mcufinder
2026-08-15 20:02:44,688 [INFO] DbMcusAds:125 - Set database path to: C:\Users\lthst\.stmcufinder\plugins\mcufinder//mcu/
2026-08-15 20:02:44,688 [WARN] DbFile:41 - Overriding database path with different value: C:\Users\lthst\.stmcufinder\plugins\mcufinder/ => C:\Users\lthst\.stmcufinder\plugins\mcufinder
2026-08-15 20:02:44,689 [WARN] DbFile:41 - Overriding database path with different value: C:\Users\lthst\.stmcufinder\plugins\mcufinder/ => C:\Users\lthst\.stmcufinder\plugins\mcufinder
2026-08-15 20:02:44,689 [INFO] CrossReferenceDbSqlite:203 - Set database path to: C:\Users\lthst\.stmcufinder\plugins\mcufinder//mcu/cs/
2026-08-15 20:02:44,714 [INFO] ApplicationProperties:184 - Using Application install path: C:\ST\STM32CubeIDE_1.18.0\STM32CubeIDE\plugins\com.st.stm32cube.common.mx_6.14.0.202502271554
2026-08-15 20:02:44,715 [INFO] PluginManage:196 - Search for loadable plugins [exclusion list=, ]
2026-08-15 20:02:44,717 [INFO] PluginManage:310 - Check plugin analytics
2026-08-15 20:02:44,986 [INFO] AnalyticsPlugin:253 - Accepted Software Licenses: 
2026-08-15 20:02:44,987 [INFO] AnalyticsPlugin:255 - Accepted CMSIS Pack Licenses: 
2026-08-15 20:02:44,988 [INFO] AnalyticsPlugin:257 - Accepted Firmware Licenses: FW.F4.1.28.0
2026-08-15 20:02:44,991 [INFO] PluginManage:359 - Loaded plugin analytics (category:tool,tabindex:-1)
2026-08-15 20:02:44,992 [INFO] PluginManage:310 - Check plugin cadmodel
2026-08-15 20:02:45,017 [INFO] CADModel:105 - Init CAD model plugin
2026-08-15 20:02:45,018 [INFO] PluginManage:359 - Loaded plugin cadmodel (category:power,tabindex:5)
2026-08-15 20:02:45,018 [INFO] PluginManage:310 - Check plugin clock
2026-08-15 20:02:45,048 [INFO] PluginManage:359 - Loaded plugin clock (category:base,tabindex:2)
2026-08-15 20:02:45,048 [INFO] PluginManage:310 - Check plugin ddr
2026-08-15 20:02:45,054 [INFO] PluginManage:359 - Loaded plugin ddr (category:tool,tabindex:6)
2026-08-15 20:02:45,054 [INFO] PluginManage:310 - Check plugin filemanager
2026-08-15 20:02:45,233 [INFO] PluginManage:359 - Loaded plugin filemanager (category:base,tabindex:10)
2026-08-15 20:02:45,233 [INFO] PluginManage:310 - Check plugin ipmanager
2026-08-15 20:02:45,243 [INFO] PluginManage:359 - Loaded plugin ipmanager (category:base,tabindex:5)
2026-08-15 20:02:45,243 [INFO] PluginManage:310 - Check plugin lpbam
2026-08-15 20:02:45,270 [INFO] PluginManage:359 - Loaded plugin lpbam (category:base,tabindex:0)
2026-08-15 20:02:45,271 [INFO] PluginManage:310 - Check plugin memorymap
2026-08-15 20:02:45,304 [INFO] PluginManage:359 - Loaded plugin memorymap (category:base,tabindex:4)
2026-08-15 20:02:45,304 [INFO] PluginManage:310 - Check plugin pinoutandconfiguration
2026-08-15 20:02:45,330 [INFO] PluginManage:359 - Loaded plugin pinoutandconfiguration (category:base,tabindex:1)
2026-08-15 20:02:45,331 [INFO] PluginManage:310 - Check plugin pinoutconfig
2026-08-15 20:02:45,453 [WARN] SupportedApi:132 - Cannot load RTOS API schema: s4s-elt-must-match.1: The content of 'definitions' must match (annotation?, (simpleType | complexType)?, (unique | key | keyref)*)). A problem was found starting at: attribute.
2026-08-15 20:02:45,632 [INFO] PluginManage:359 - Loaded plugin pinoutconfig (category:base,tabindex:0)
2026-08-15 20:02:45,632 [INFO] PluginManage:310 - Check plugin power
2026-08-15 20:02:45,661 [INFO] PluginManage:359 - Loaded plugin power (category:power,tabindex:4)
2026-08-15 20:02:45,661 [INFO] PluginManage:310 - Check plugin projectmanager
2026-08-15 20:02:45,681 [INFO] PluginManage:359 - Loaded plugin projectmanager (category:projectmanager,tabindex:4)
2026-08-15 20:02:45,681 [INFO] PluginManage:310 - Check plugin rif
2026-08-15 20:02:45,707 [INFO] PluginManage:359 - Loaded plugin rif (category:base,tabindex:3)
2026-08-15 20:02:45,707 [INFO] PluginManage:310 - Check plugin thirdparty
2026-08-15 20:02:46,106 [INFO] PluginManage:359 - Loaded plugin thirdparty (category:base,tabindex:-1)
2026-08-15 20:02:46,106 [WARN] IntegrityCheckThread:84 - waiting for thirdparty lock release [integrity check]
2026-08-15 20:02:46,106 [INFO] IntegrityCheckThread:86 - entering critical section [integrity check]
2026-08-15 20:02:46,106 [INFO] PluginManage:310 - Check plugin tools
2026-08-15 20:02:46,107 [INFO] ThirdPartyUpdaterWithRetryManager:70 - Updater plugin not ready yet. [1/15]
2026-08-15 20:02:46,165 [INFO] PluginManage:359 - Loaded plugin tools (category:base,tabindex:7)
2026-08-15 20:02:46,165 [INFO] PluginManage:310 - Check plugin tutovideos
2026-08-15 20:02:46,398 [INFO] PluginManage:359 - Loaded plugin tutovideos (category:base,tabindex:-1)
2026-08-15 20:02:46,398 [INFO] PluginManage:310 - Check plugin updater
2026-08-15 20:02:46,423 [INFO] PluginManage:359 - Loaded plugin updater (category:base,tabindex:12)
2026-08-15 20:02:46,424 [INFO] PluginManage:310 - Check plugin userauth
2026-08-15 20:02:46,430 [INFO] UserAuth:118 - Init User Auth plugin
2026-08-15 20:02:46,432 [INFO] PluginManage:359 - Loaded plugin userauth (category:base,tabindex:14)
2026-08-15 20:02:46,432 [INFO] PluginManage:283 - PluginManage : Loaded plugins [18]
2026-08-15 20:02:46,681 [INFO] PinOutPanel:1589 - setPackage(No Configuration,No Configuration)
2026-08-15 20:02:46,788 [INFO] CADModel:165 - CPN selected for project level
2026-08-15 20:02:46,789 [INFO] CADModel:114 - Register for checkConnection events
2026-08-15 20:02:46,827 [INFO] IPUIPlugin:80 - create IPUIPlugin
2026-08-15 20:02:46,828 [INFO] PluginManager:220 - loadIPPluginJar : add adc
2026-08-15 20:02:46,887 [INFO] IPUIPlugin:80 - create IPUIPlugin
2026-08-15 20:02:46,887 [INFO] PluginManager:220 - loadIPPluginJar : add aes
2026-08-15 20:02:46,954 [INFO] IPUIPlugin:80 - create IPUIPlugin
2026-08-15 20:02:46,955 [INFO] PluginManager:220 - loadIPPluginJar : add can
2026-08-15 20:02:46,995 [INFO] IPUIPlugin:80 - create IPUIPlugin
2026-08-15 20:02:46,995 [INFO] PluginManager:220 - loadIPPluginJar : add comp
2026-08-15 20:02:47,048 [INFO] IPUIPlugin:80 - create IPUIPlugin
2026-08-15 20:02:47,048 [INFO] PluginManager:220 - loadIPPluginJar : add cryp
2026-08-15 20:02:47,069 [INFO] IPUIPlugin:80 - create IPUIPlugin
2026-08-15 20:02:47,069 [INFO] PluginManager:220 - loadIPPluginJar : add ddr_ctrl_phy
2026-08-15 20:02:47,115 [INFO] IPUIPlugin:80 - create IPUIPlugin
2026-08-15 20:02:47,115 [INFO] PluginManager:220 - loadIPPluginJar : add dfsdm
2026-08-15 20:02:47,135 [INFO] IPUIPlugin:80 - create IPUIPlugin
2026-08-15 20:02:47,136 [INFO] PluginManager:220 - loadIPPluginJar : add dma
2026-08-15 20:02:47,195 [INFO] IPUIPlugin:80 - create IPUIPlugin
2026-08-15 20:02:47,196 [INFO] PluginManager:220 - loadIPPluginJar : add dma3
2026-08-15 20:02:47,266 [INFO] IPUIPlugin:80 - create IPUIPlugin
2026-08-15 20:02:47,266 [INFO] PluginManager:220 - loadIPPluginJar : add extmemmanager
2026-08-15 20:02:47,298 [INFO] IPUIPlugin:80 - create IPUIPlugin
2026-08-15 20:02:47,298 [INFO] PluginManager:220 - loadIPPluginJar : add fatfs
2026-08-15 20:02:47,368 [INFO] IPUIPlugin:80 - create IPUIPlugin
2026-08-15 20:02:47,369 [INFO] PluginManager:220 - loadIPPluginJar : add fmc
2026-08-15 20:02:47,390 [INFO] IPUIPlugin:80 - create IPUIPlugin
2026-08-15 20:02:47,390 [INFO] PluginManager:220 - loadIPPluginJar : add freertos
2026-08-15 20:02:47,421 [INFO] IPUIPlugin:80 - create IPUIPlugin
2026-08-15 20:02:47,421 [INFO] PluginManager:220 - loadIPPluginJar : add genericplugin
2026-08-15 20:02:47,547 [INFO] IPUIPlugin:80 - create IPUIPlugin
2026-08-15 20:02:47,547 [INFO] PluginManager:220 - loadIPPluginJar : add gfxmmu
2026-08-15 20:02:47,719 [INFO] IPUIPlugin:80 - create IPUIPlugin
2026-08-15 20:02:47,719 [INFO] PluginManager:220 - loadIPPluginJar : add gic
2026-08-15 20:02:47,737 [INFO] IPUIPlugin:80 - create IPUIPlugin
2026-08-15 20:02:47,737 [INFO] PluginManager:220 - loadIPPluginJar : add gpio
2026-08-15 20:02:47,866 [INFO] IPUIPlugin:80 - create IPUIPlugin
2026-08-15 20:02:47,866 [INFO] PluginManager:220 - loadIPPluginJar : add gtzc
2026-08-15 20:02:47,910 [INFO] IPUIPlugin:80 - create IPUIPlugin
2026-08-15 20:02:47,910 [INFO] PluginManager:220 - loadIPPluginJar : add hash
2026-08-15 20:02:47,980 [INFO] IPUIPlugin:80 - create IPUIPlugin
2026-08-15 20:02:47,980 [INFO] PluginManager:220 - loadIPPluginJar : add i2c
2026-08-15 20:02:48,036 [INFO] IPUIPlugin:80 - create IPUIPlugin
2026-08-15 20:02:48,037 [INFO] PluginManager:220 - loadIPPluginJar : add i2s
2026-08-15 20:02:48,093 [INFO] IPUIPlugin:80 - create IPUIPlugin
2026-08-15 20:02:48,094 [INFO] PluginManager:220 - loadIPPluginJar : add i3c
2026-08-15 20:02:48,244 [INFO] IPUIPlugin:80 - create IPUIPlugin
2026-08-15 20:02:48,244 [INFO] PluginManager:220 - loadIPPluginJar : add ipddr
2026-08-15 20:02:48,369 [INFO] IPUIPlugin:80 - create IPUIPlugin
2026-08-15 20:02:48,369 [INFO] PluginManager:220 - loadIPPluginJar : add linkedlist
2026-08-15 20:02:48,418 [INFO] IPUIPlugin:80 - create IPUIPlugin
2026-08-15 20:02:48,418 [INFO] PluginManager:220 - loadIPPluginJar : add lorawan
2026-08-15 20:02:48,471 [INFO] IPUIPlugin:80 - create IPUIPlugin
2026-08-15 20:02:48,471 [INFO] PluginManager:220 - loadIPPluginJar : add ltdc
2026-08-15 20:02:48,490 [INFO] IPUIPlugin:80 - create IPUIPlugin
2026-08-15 20:02:48,490 [INFO] PluginManager:220 - loadIPPluginJar : add mdma
2026-08-15 20:02:48,508 [INFO] IPUIPlugin:80 - create IPUIPlugin
2026-08-15 20:02:48,508 [INFO] PluginManager:220 - loadIPPluginJar : add nvic
2026-08-15 20:02:48,557 [INFO] IPUIPlugin:80 - create IPUIPlugin
2026-08-15 20:02:48,558 [INFO] PluginManager:220 - loadIPPluginJar : add opamp
2026-08-15 20:02:48,638 [INFO] IPUIPlugin:80 - create IPUIPlugin
2026-08-15 20:02:48,638 [INFO] PluginManager:220 - loadIPPluginJar : add openamp
2026-08-15 20:02:48,697 [INFO] IPUIPlugin:80 - create IPUIPlugin
2026-08-15 20:02:48,698 [INFO] PluginManager:220 - loadIPPluginJar : add pdm2pcm
2026-08-15 20:02:48,716 [INFO] IPUIPlugin:80 - create IPUIPlugin
2026-08-15 20:02:48,718 [INFO] PluginManager:220 - loadIPPluginJar : add plateformsettings
2026-08-15 20:02:48,751 [INFO] IPUIPlugin:80 - create IPUIPlugin
2026-08-15 20:02:48,751 [INFO] PluginManager:220 - loadIPPluginJar : add quadspi
2026-08-15 20:02:48,789 [INFO] IPUIPlugin:80 - create IPUIPlugin
2026-08-15 20:02:48,790 [INFO] PluginManager:220 - loadIPPluginJar : add radio
2026-08-15 20:02:48,807 [INFO] IPUIPlugin:80 - create IPUIPlugin
2026-08-15 20:02:48,807 [INFO] PluginManager:220 - loadIPPluginJar : add resmgrutility
2026-08-15 20:02:48,877 [INFO] IPUIPlugin:80 - create IPUIPlugin
2026-08-15 20:02:48,877 [INFO] PluginManager:220 - loadIPPluginJar : add sai
2026-08-15 20:02:48,929 [INFO] IPUIPlugin:80 - create IPUIPlugin
2026-08-15 20:02:48,930 [INFO] PluginManager:220 - loadIPPluginJar : add spi
2026-08-15 20:02:49,041 [INFO] IPUIPlugin:80 - create IPUIPlugin
2026-08-15 20:02:49,041 [INFO] PluginManager:220 - loadIPPluginJar : add stm32_wpan
2026-08-15 20:02:49,072 [INFO] IPUIPlugin:80 - create IPUIPlugin
2026-08-15 20:02:49,072 [INFO] PluginManager:220 - loadIPPluginJar : add tim
2026-08-15 20:02:49,108 [INFO] ThirdPartyUpdaterWithRetryManager:70 - Updater plugin not ready yet. [2/15]
2026-08-15 20:02:49,157 [INFO] IPUIPlugin:80 - create IPUIPlugin
2026-08-15 20:02:49,158 [INFO] PluginManager:220 - loadIPPluginJar : add touchsensing
2026-08-15 20:02:49,190 [INFO] IPUIPlugin:80 - create IPUIPlugin
2026-08-15 20:02:49,190 [INFO] PluginManager:220 - loadIPPluginJar : add tracer_emb
2026-08-15 20:02:49,224 [INFO] IPUIPlugin:80 - create IPUIPlugin
2026-08-15 20:02:49,224 [INFO] PluginManager:220 - loadIPPluginJar : add ts
2026-08-15 20:02:49,254 [INFO] IPUIPlugin:80 - create IPUIPlugin
2026-08-15 20:02:49,254 [INFO] PluginManager:220 - loadIPPluginJar : add tsc
2026-08-15 20:02:49,285 [INFO] IPUIPlugin:80 - create IPUIPlugin
2026-08-15 20:02:49,285 [INFO] PluginManager:220 - loadIPPluginJar : add ucpd
2026-08-15 20:02:49,347 [INFO] IPUIPlugin:80 - create IPUIPlugin
2026-08-15 20:02:49,347 [INFO] PluginManager:220 - loadIPPluginJar : add usart
2026-08-15 20:02:49,415 [INFO] IPUIPlugin:80 - create IPUIPlugin
2026-08-15 20:02:49,415 [INFO] PluginManager:220 - loadIPPluginJar : add usbx
2026-08-15 20:02:49,544 [FATAL] Updater:351 - Updater called before beeing initialized
2026-08-15 20:02:49,575 [INFO] RulesReader:64 - Compatibility file has been processed (301 Rules)
2026-08-15 20:02:49,591 [INFO] RulesReader:64 - Compatibility file has been processed (301 Rules)
2026-08-15 20:02:49,600 [INFO] CADModel:165 - CPN selected for project level
2026-08-15 20:02:49,601 [INFO] CADModel:114 - Register for checkConnection events
2026-08-15 20:02:49,601 [FATAL] Updater:351 - Updater called before beeing initialized
2026-08-15 20:02:49,601 [ERROR] CADModel:125 - Updater not yet initialized, retry later 
2026-08-15 20:02:49,753 [FATAL] Updater:351 - Updater called before beeing initialized
2026-08-15 20:02:49,756 [INFO] CADModel:165 - CPN selected for project level
2026-08-15 20:02:49,756 [INFO] CADModel:114 - Register for checkConnection events
2026-08-15 20:02:49,756 [FATAL] Updater:351 - Updater called before beeing initialized
2026-08-15 20:02:49,756 [ERROR] CADModel:125 - Updater not yet initialized, retry later 
2026-08-15 20:02:49,760 [FATAL] Updater:351 - Updater called before beeing initialized
2026-08-15 20:02:49,912 [FATAL] Updater:351 - Updater called before beeing initialized
2026-08-15 20:02:49,930 [INFO] DbMcusAds:53 - JSON generation date=Mon Apr 27 17:14:29 KST 2026 (1777277669683)
2026-08-15 20:02:49,930 [FATAL] Updater:351 - Updater called before beeing initialized
2026-08-15 20:02:49,979 [WARN] DetailPanel:346 - Failed to get advertising image, set to default
2026-08-15 20:02:50,295 [FATAL] Updater:351 - Updater called before beeing initialized
2026-08-15 20:02:50,297 [FATAL] Updater:351 - Updater called before beeing initialized
2026-08-15 20:02:50,297 [FATAL] Updater:351 - Updater called before beeing initialized
2026-08-15 20:02:50,298 [WARN] DetailPanel:346 - Failed to get advertising image, set to default
2026-08-15 20:02:50,298 [FATAL] Updater:351 - Updater called before beeing initialized
2026-08-15 20:02:50,374 [ERROR] Updater:1198 - MainUpdater not yet initialized. External WinMGr cannot be set.
2026-08-15 20:02:50,389 [INFO] Updater:1134 - Updater Version found : 6.14.0
2026-08-15 20:02:50,412 [INFO] ApplicationProperties:184 - Using Application install path: C:\ST\STM32CubeIDE_1.18.0\STM32CubeIDE\plugins\com.st.stm32cube.common.mx_6.14.0.202502271554
2026-08-15 20:02:50,974 [INFO] MainUpdater:2872 - connection check result : 10
2026-08-15 20:02:50,975 [INFO] MainUpdater:3566 - Updater definition file requires update
2026-08-15 20:02:50,976 [INFO] MainUpdater:289 - Updater Check For Update Now.
2026-08-15 20:02:50,976 [INFO] MicroXplorer:498 - Change Database Version : DB.6.0.140
2026-08-15 20:02:50,999 [INFO] McuFinderGlobals:63 - Set McuFinder mode to 2 (CubeIDE integrated)
2026-08-15 20:02:51,010 [INFO] UserAuth:486 - Internet connection configuration mode: 1
2026-08-15 20:02:51,045 [INFO] JxBrowserEngine:152 - Initiate JxBrowser Engine with user profile folder
2026-08-15 20:02:51,082 [INFO] ServerAccessManage:473 - Download File updaters.zip
2026-08-15 20:02:51,594 [INFO] FileExtend:242 - Unzip File : updaters.zip
2026-08-15 20:02:51,595 [INFO] FileExtend:257 - Standard Zip Deflate
2026-08-15 20:02:52,109 [WARN] MainUpdater:1193 - Updater busy. Cannot search thirdparties
2026-08-15 20:02:52,116 [INFO] ThirdPartyUpdaterWithRetryManager:96 - Updater plugin is busy. [1/15]
2026-08-15 20:02:52,816 [INFO] ServerAccessManage:473 - Download File PacksControlFlags.xml
2026-08-15 20:02:53,518 [INFO] ServerAccessManage:473 - Download File cubemx.pidx
2026-08-15 20:02:53,896 [INFO] LoadServerUpdatesThread:375 - End of LoadServerUpdate Thread
2026-08-15 20:02:54,172 [INFO] CheckServerUpdateThread:120 - End of CheckServer Thread
2026-08-15 20:02:54,870 [INFO] WebApp:169 - Instantiating new browser for Auth
2026-08-15 20:02:55,919 [WARN] PackLoader:240 - Cannot read IP mode file for STMicroelectronics.X-CUBE-AZRTOS-H7.3.5.0
2026-08-15 20:02:55,968 [WARN] PackLoader:240 - Cannot read IP mode file for STMicroelectronics.FP-SNS-MOTENVWB1.1.4.0
2026-08-15 20:02:56,003 [WARN] PackLoader:240 - Cannot read IP mode file for STMicroelectronics.FP-ATR-ASTRA1.2.0.3
2026-08-15 20:02:56,036 [WARN] PackLoader:240 - Cannot read IP mode file for STMicroelectronics.FP-ATR-ASTRA1.2.0.2
2026-08-15 20:02:56,071 [ERROR] Engine:466 - C:\Users\lthst\.stm32cubemx\thirdparties\pdsc\STMicroelectronics.X-CUBE-SMBUS.2.1.1.pdsc: PDSC version is not supported
2026-08-15 20:02:56,098 [WARN] PackLoader:240 - Cannot read IP mode file for STMicroelectronics.X-CUBE-SMBUS.2.1.0
2026-08-15 20:02:56,140 [WARN] PackLoader:240 - Cannot read IP mode file for STMicroelectronics.X-CUBE-WB05N.1.1.0
2026-08-15 20:02:56,180 [WARN] PackLoader:240 - Cannot read IP mode file for STMicroelectronics.X-CUBE-ST60.1.0.0
2026-08-15 20:02:56,269 [WARN] PackLoader:240 - Cannot read IP mode file for STMicroelectronics.X-CUBE-AZRTOS-F7.1.1.0
2026-08-15 20:02:56,314 [ERROR] Engine:466 - C:\Users\lthst\.stm32cubemx\thirdparties\pdsc\STMicroelectronics.X-CUBE-FREERTOS.1.6.0.pdsc: PDSC version is not supported
2026-08-15 20:02:56,341 [ERROR] Engine:466 - C:\Users\lthst\.stm32cubemx\thirdparties\pdsc\STMicroelectronics.FP-SNS-MOTENV1.5.1.0.pdsc: PDSC version is not supported
2026-08-15 20:02:56,472 [WARN] PackLoader:240 - Cannot read IP mode file for STMicroelectronics.X-CUBE-AZRTOS-H7RS.1.3.0
2026-08-15 20:02:56,577 [WARN] PackLoader:240 - Cannot read IP mode file for Infineon.AIROC-Wi-Fi-Bluetooth-STM32.1.7.0
2026-08-15 20:02:56,666 [WARN] PackLoader:240 - Cannot read IP mode file for STMicroelectronics.X-CUBE-AZRTOS-H7.3.4.0
2026-08-15 20:02:56,717 [WARN] PackLoader:240 - Cannot read IP mode file for STMicroelectronics.X-CUBE-DISPLAY.3.0.0
2026-08-15 20:02:56,760 [WARN] PackLoader:240 - Cannot read IP mode file for STMicroelectronics.X-CUBE-GNSS1.7.1.1
2026-08-15 20:02:56,808 [ERROR] Engine:466 - C:\Users\lthst\.stm32cubemx\thirdparties\pdsc\STMicroelectronics.FP-SNS-MOTENVWB1.1.5.0.pdsc: PDSC version is not supported
2026-08-15 20:02:56,830 [INFO] WebApp:463 - Apply proxy settings
2026-08-15 20:02:56,831 [INFO] WebApp:548 - Chromium requires no authentication
2026-08-15 20:02:56,849 [WARN] PackLoader:240 - Cannot read IP mode file for STMicroelectronics.X-CUBE-NFC10.1.0.0
2026-08-15 20:02:56,859 [INFO] WebApp:491 - Direct internet connection detected
2026-08-15 20:02:56,900 [WARN] PackLoader:240 - Cannot read IP mode file for STMicroelectronics.X-CUBE-BLEMGR.4.0.0
2026-08-15 20:02:56,923 [INFO] WebApp:894 - Register for checkConnection events
2026-08-15 20:02:56,923 [INFO] WebApp:463 - Apply proxy settings
2026-08-15 20:02:56,925 [INFO] WebApp:548 - Chromium requires no authentication
2026-08-15 20:02:56,926 [INFO] WebApp:491 - Direct internet connection detected
2026-08-15 20:02:56,940 [WARN] PackLoader:240 - Cannot read IP mode file for STMicroelectronics.X-CUBE-ST60.1.1.0
2026-08-15 20:02:56,986 [WARN] PackLoader:240 - Cannot read IP mode file for emotas.I-CUBE-CANOPEN.1.3.0
2026-08-15 20:02:57,015 [ERROR] Engine:466 - C:\Users\lthst\.stm32cubemx\thirdparties\pdsc\STMicroelectronics.X-CUBE-WBA.1.1.0.pdsc: PDSC version is not supported
2026-08-15 20:02:57,044 [WARN] PackLoader:240 - Cannot read IP mode file for STMicroelectronics.X-CUBE-GNSS1.7.1.0
2026-08-15 20:02:57,075 [WARN] ConditionMgr:438 - getConditionDescription Invalid condition id : Cortex-A Device cause : null
2026-08-15 20:02:57,114 [WARN] ConditionMgr:1044 - genDependencies : Invalid condition id : Cortex-A Device cause : null
2026-08-15 20:02:57,115 [WARN] ConditionMgr:1044 - genDependencies : Invalid condition id : Cortex-A Device cause : null
2026-08-15 20:02:57,115 [WARN] ConditionMgr:1044 - genDependencies : Invalid condition id : Cortex-A Device cause : null
2026-08-15 20:02:57,149 [WARN] PackLoader:240 - Cannot read IP mode file for STMicroelectronics.X-CUBE-AI.10.0.0
2026-08-15 20:02:57,178 [ERROR] Engine:466 - C:\Users\lthst\.stm32cubemx\thirdparties\pdsc\STMicroelectronics.FP-SNS-STBOX1.2.1.0.pdsc: PDSC version is not supported
2026-08-15 20:02:57,207 [WARN] PackLoader:240 - Cannot read IP mode file for STMicroelectronics.FP-SNS-SMARTAG2.1.2.0
2026-08-15 20:02:57,233 [WARN] PackLoader:240 - Cannot read IP mode file for STMicroelectronics.FP-SNS-FLIGHT1.5.1.0
2026-08-15 20:02:57,316 [WARN] PackLoader:240 - Cannot read IP mode file for STMicroelectronics.X-CUBE-MEMS1.11.1.0
2026-08-15 20:02:57,316 [INFO] WebApp:225 - Starting web application
2026-08-15 20:02:57,316 [INFO] WebApp:593 - Web application path used C:\ST\STM32CubeIDE_1.18.0\STM32CubeIDE\plugins\com.st.stm32cube.common.mx_6.14.0.202502271554\db\plugins\mcufinder\reactClient1\index.html
2026-08-15 20:02:57,598 [INFO] LogOutputStream:77 - [STDOUT_REDIRECT] 1 : Invalid condition id : UX_CORESTACK_Condition cause : null
2026-08-15 20:02:57,599 [INFO] LogOutputStream:77 - [STDOUT_REDIRECT] 1 : Invalid condition id : UX_CORESTACK_Condition cause : null
2026-08-15 20:02:57,601 [INFO] LogOutputStream:77 - [STDOUT_REDIRECT] 1 : Invalid condition id : UX_CORESTACK_Condition cause : null
2026-08-15 20:02:57,603 [INFO] LogOutputStream:77 - [STDOUT_REDIRECT] 1 : Invalid condition id : UX_CORESTACK_Condition cause : null
2026-08-15 20:02:57,605 [INFO] LogOutputStream:77 - [STDOUT_REDIRECT] 1 : Invalid condition id : UX_CORESTACK_Condition cause : null
2026-08-15 20:02:57,609 [WARN] PackLoader:240 - Cannot read IP mode file for STMicroelectronics.X-CUBE-AZRTOS-WL.2.0.0
2026-08-15 20:02:57,645 [WARN] PackLoader:240 - Cannot read IP mode file for STMicroelectronics.FP-SNS-MOTENV1.5.0.0
2026-08-15 20:02:57,714 [INFO] WebApp:191 - Connection restablished
2026-08-15 20:02:57,728 [WARN] PackLoader:240 - Cannot read IP mode file for STMicroelectronics.X-CUBE-AZRTOS-H7RS.1.2.0
2026-08-15 20:02:57,771 [WARN] PackLoader:240 - Cannot read IP mode file for WES.I-CUBE-Cesium.1.3.0
2026-08-15 20:02:57,806 [WARN] PackLoader:240 - Cannot read IP mode file for STMicroelectronics.X-CUBE-BLE2.3.3.0
2026-08-15 20:02:57,917 [WARN] PackLoader:240 - Cannot read IP mode file for STMicroelectronics.X-CUBE-NFC9.1.0.0
2026-08-15 20:02:57,926 [INFO] UserAuth:486 - Internet connection configuration mode: 1
2026-08-15 20:02:57,965 [WARN] PackLoader:240 - Cannot read IP mode file for STMicroelectronics.X-CUBE-BLE1.7.1.0
2026-08-15 20:02:58,005 [WARN] PackLoader:240 - Cannot read IP mode file for wolfSSL.I-CUBE-wolfMQTT.1.19.2
2026-08-15 20:02:58,042 [ERROR] Engine:466 - C:\Users\lthst\.stm32cubemx\thirdparties\pdsc\STMicroelectronics.X-CUBE-FREERTOS.1.4.0.pdsc: PDSC version is not supported
2026-08-15 20:02:58,098 [WARN] PackLoader:240 - Cannot read IP mode file for STMicroelectronics.X-CUBE-EEPRMA1.5.2.0
2026-08-15 20:02:58,133 [ERROR] Engine:466 - C:\Users\lthst\.stm32cubemx\thirdparties\pdsc\STMicroelectronics.X-CUBE-ST67W61.1.1.0.pdsc: PDSC version is not supported
2026-08-15 20:02:58,166 [WARN] PackLoader:240 - Cannot read IP mode file for STMicroelectronics.X-CUBE-AI.10.1.0
2026-08-15 20:02:58,195 [ERROR] Engine:466 - C:\Users\lthst\.stm32cubemx\thirdparties\pdsc\STMicroelectronics.FP-SNS-STAIOTCFT.1.1.0.pdsc: PDSC version is not supported
2026-08-15 20:02:58,307 [WARN] PackLoader:240 - Cannot read IP mode file for STMicroelectronics.X-CUBE-MEMS1.12.0.0
2026-08-15 20:02:58,529 [WARN] PackLoader:240 - Cannot read IP mode file for STMicroelectronics.X-CUBE-MEMS1.11.2.0
2026-08-15 20:02:58,858 [WARN] PackLoader:240 - Cannot read IP mode file for STMicroelectronics.X-CUBE-AZRTOS-G0.1.1.0
2026-08-15 20:02:58,901 [WARN] PackLoader:240 - Cannot read IP mode file for STMicroelectronics.X-CUBE-SAFEA1.1.2.2
2026-08-15 20:02:58,949 [WARN] PackLoader:240 - Cannot read IP mode file for STMicroelectronics.X-CUBE-NFC4.3.0.0
2026-08-15 20:02:58,995 [WARN] PackLoader:240 - Cannot read IP mode file for EmbeddedOffice.I-CUBE-FS-RTOS.1.0.1
2026-08-15 20:02:59,031 [WARN] PackLoader:240 - Cannot read IP mode file for STMicroelectronics.X-CUBE-WB05N.2.0.0
2026-08-15 20:02:59,063 [WARN] PackLoader:240 - Cannot read IP mode file for wolfSSL.I-CUBE-wolfTPM.3.8.0
2026-08-15 20:02:59,105 [WARN] PackLoader:240 - Cannot read IP mode file for STMicroelectronics.X-CUBE-TCPP.4.2.0
2026-08-15 20:02:59,146 [WARN] PackLoader:240 - Cannot read IP mode file for RealThread.X-CUBE-RT-Thread_Nano.4.1.1
2026-08-15 20:02:59,186 [WARN] PackLoader:240 - Cannot read IP mode file for STMicroelectronics.FP-ATR-SIGFOX1.3.2.0
2026-08-15 20:02:59,219 [WARN] PackLoader:240 - Cannot read IP mode file for STMicroelectronics.X-CUBE-EEPRMA1.5.1.0
2026-08-15 20:02:59,247 [ERROR] Engine:466 - C:\Users\lthst\.stm32cubemx\thirdparties\pdsc\STMicroelectronics.X-CUBE-FREERTOS.1.5.0.pdsc: PDSC version is not supported
2026-08-15 20:02:59,282 [WARN] PackLoader:240 - Cannot read IP mode file for wolfSSL.I-CUBE-wolfSSL.5.7.6
2026-08-15 20:02:59,318 [WARN] PackLoader:240 - Cannot read IP mode file for ITTIA_DB.I-CUBE-ITTIADB.8.9.0
2026-08-15 20:02:59,354 [WARN] PackLoader:240 - Cannot read IP mode file for STMicroelectronics.X-CUBE-NFC6.3.2.0
2026-08-15 20:02:59,399 [WARN] PackLoader:240 - Cannot read IP mode file for STMicroelectronics.X-CUBE-ST67W61.1.0.0
2026-08-15 20:02:59,429 [WARN] PackLoader:240 - Cannot read IP mode file for STMicroelectronics.X-CUBE-AI.10.2.1
2026-08-15 20:02:59,458 [WARN] PackLoader:240 - Cannot read IP mode file for STMicroelectronics.X-CUBE-AI.10.2.0
2026-08-15 20:02:59,558 [WARN] PackLoader:240 - Cannot read IP mode file for STMicroelectronics.X-CUBE-MEMS1.12.1.0
2026-08-15 20:02:59,783 [WARN] PackLoader:240 - Cannot read IP mode file for SEGGER.I-CUBE-embOS.1.3.1
2026-08-15 20:02:59,864 [WARN] PackLoader:240 - Cannot read IP mode file for STMicroelectronics.X-CUBE-ALGOBUILD.1.4.0
2026-08-15 20:02:59,936 [WARN] PackLoader:240 - Cannot read IP mode file for STMicroelectronics.X-CUBE-MEMS1.11.3.0
2026-08-15 20:03:00,140 [WARN] PackLoader:240 - Cannot read IP mode file for STMicroelectronics.X-CUBE-NFC13.1.0.0
2026-08-15 20:03:00,169 [WARN] PackLoader:240 - Cannot read IP mode file for STMicroelectronics.X-CUBE-PM33A1.1.0.0
2026-08-15 20:03:00,233 [WARN] PackLoader:240 - Cannot read IP mode file for STMicroelectronics.X-CUBE-AZRTOS-F4.1.1.0
2026-08-15 20:03:00,332 [WARN] PackLoader:240 - Cannot read IP mode file for Avnet-IotConnect.X-CUBE-IoTC-DA16k-PMOD.1.0.0
2026-08-15 20:03:00,397 [WARN] PackLoader:240 - Cannot read IP mode file for STMicroelectronics.X-CUBE-ISPU.2.1.0
2026-08-15 20:03:00,459 [ERROR] Engine:466 - C:\Users\lthst\.stm32cubemx\thirdparties\pdsc\STMicroelectronics.X-CUBE-IPS.3.2.0.pdsc: PDSC version is not supported
2026-08-15 20:03:00,507 [WARN] PackLoader:240 - Cannot read IP mode file for STMicroelectronics.eDS-WB_DPC_TT-BIDIR.2.1.1
2026-08-15 20:03:00,568 [WARN] PackLoader:240 - Cannot read IP mode file for STMicroelectronics.X-CUBE-NFC12.1.0.0
2026-08-15 20:03:00,648 [WARN] PackLoader:240 - Cannot read IP mode file for STMicroelectronics.X-CUBE-AZRTOS-L5.2.0.0
2026-08-15 20:03:00,698 [WARN] PackLoader:240 - Cannot read IP mode file for STMicroelectronics.X-CUBE-NFC6.3.1.0
2026-08-15 20:03:00,740 [WARN] PackLoader:240 - Cannot read IP mode file for STMicroelectronics.X-CUBE-ALGOBUILD.1.5.0
2026-08-15 20:03:00,777 [WARN] PackLoader:240 - Cannot read IP mode file for STMicroelectronics.X-CUBE-DPower.1.2.0
2026-08-15 20:03:00,814 [WARN] PackLoader:240 - Cannot read IP mode file for STMicroelectronics.eDS-WB_DPC_VIENNA.1.2.0
2026-08-15 20:03:00,904 [WARN] PackLoader:240 - Cannot read IP mode file for STMicroelectronics.X-CUBE-MEMS1.13.0.0
2026-08-15 20:03:01,022 [WARN] PackLoader:240 - Cannot read IP mode file for STMicroelectronics.eDS-WB_DPC_3PH2L-BIDIR.1.1.1
2026-08-15 20:03:01,051 [ERROR] Engine:466 - C:\Users\lthst\.stm32cubemx\thirdparties\pdsc\STMicroelectronics.X-CUBE-ST67W61.1.3.0.pdsc: PDSC version is not supported
2026-08-15 20:03:01,078 [WARN] PackLoader:240 - Cannot read IP mode file for STMicroelectronics.X-CUBE-FREERTOS.1.3.1
2026-08-15 20:03:01,103 [WARN] PackLoader:240 - Cannot read IP mode file for STMicroelectronics.X-CUBE-FREERTOS.1.3.0
2026-08-15 20:03:01,126 [WARN] PackLoader:240 - Cannot read IP mode file for STMicroelectronics.X-CUBE-NFC7.1.0.1
2026-08-15 20:03:01,151 [WARN] PackLoader:240 - Cannot read IP mode file for STMicroelectronics.X-CUBE-TOUCHGFX.4.26.0
2026-08-15 20:03:01,173 [WARN] PackLoader:240 - Cannot read IP mode file for STMicroelectronics.X-CUBE-TOUCHGFX.4.26.1
2026-08-15 20:03:01,200 [WARN] PackLoader:240 - Cannot read IP mode file for STMicroelectronics.FP-SNS-STAIOTCFT.1.0.0
2026-08-15 20:03:01,225 [WARN] PackLoader:240 - Cannot read IP mode file for STMicroelectronics.X-CUBE-DPower.1.3.0
2026-08-15 20:03:01,273 [WARN] ConditionMgr:438 - getConditionDescription Invalid condition id : LAN8742 Phy interface Condition cause : null
2026-08-15 20:03:01,274 [WARN] PackLoader:240 - Cannot read IP mode file for STMicroelectronics.X-CUBE-AZRTOS-L4.2.0.0
2026-08-15 20:03:01,275 [WARN] ConditionMgr:1044 - genDependencies : Invalid condition id : LAN8742 Phy interface Condition cause : null
2026-08-15 20:03:01,276 [WARN] ConditionMgr:1044 - genDependencies : Invalid condition id : LAN8742 Phy interface Condition cause : null
2026-08-15 20:03:01,276 [WARN] ConditionMgr:1044 - genDependencies : Invalid condition id : LAN8742 Phy interface Condition cause : null
2026-08-15 20:03:01,306 [WARN] PackLoader:240 - Cannot read IP mode file for STMicroelectronics.X-CUBE-SFXS2LP1.4.0.0
2026-08-15 20:03:01,333 [WARN] PackLoader:240 - Cannot read IP mode file for STMicroelectronics.X-CUBE-WB05N.2.1.0
2026-08-15 20:03:01,354 [ERROR] Engine:466 - C:\Users\lthst\.stm32cubemx\thirdparties\pdsc\STMicroelectronics.X-CUBE-ST67W61.1.2.0.pdsc: PDSC version is not supported
2026-08-15 20:03:01,391 [WARN] PackLoader:240 - Cannot read IP mode file for STMicroelectronics.X-CUBE-AZRTOS-H7.3.3.0
2026-08-15 20:03:01,420 [WARN] PackLoader:240 - Cannot read IP mode file for STMicroelectronics.X-CUBE-BLEMGR.4.1.0
2026-08-15 20:03:01,458 [WARN] ConditionMgr:438 - getConditionDescription Invalid condition id : UX DEVICE CLASS RTOS Condition cause : null
2026-08-15 20:03:01,459 [WARN] ConditionMgr:438 - getConditionDescription Invalid condition id : UX DEVICE CLASS RTOS Condition cause : null
2026-08-15 20:03:01,460 [WARN] PackLoader:240 - Cannot read IP mode file for STMicroelectronics.X-CUBE-AZRTOS-WB.2.0.0
2026-08-15 20:03:01,461 [WARN] ConditionMgr:1044 - genDependencies : Invalid condition id : UX DEVICE CLASS RTOS Condition cause : null
2026-08-15 20:03:01,461 [WARN] ConditionMgr:1044 - genDependencies : Invalid condition id : UX DEVICE CLASS RTOS Condition cause : null
2026-08-15 20:03:01,461 [WARN] ConditionMgr:1044 - genDependencies : Invalid condition id : UX DEVICE CLASS RTOS Condition cause : null
2026-08-15 20:03:01,461 [WARN] ConditionMgr:1044 - genDependencies : Invalid condition id : UX DEVICE CLASS RTOS Condition cause : null
2026-08-15 20:03:01,462 [WARN] ConditionMgr:1044 - genDependencies : Invalid condition id : UX DEVICE CLASS RTOS Condition cause : null
2026-08-15 20:03:01,483 [WARN] PackLoader:240 - Cannot read IP mode file for STMicroelectronics.X-CUBE-GNSS1.7.0.1
2026-08-15 20:03:01,503 [WARN] PackLoader:240 - Cannot read IP mode file for STMicroelectronics.X-CUBE-TOUCHGFX.4.25.0
2026-08-15 20:03:01,526 [WARN] PackLoader:240 - Cannot read IP mode file for STMicroelectronics.FP-SNS-STBOX1.2.0.0
2026-08-15 20:03:01,556 [WARN] PackLoader:240 - Cannot read IP mode file for STMicroelectronics.X-CUBE-STSE01.2.0.0
2026-08-15 20:03:01,583 [WARN] PackLoader:240 - Cannot read IP mode file for STMicroelectronics.X-CUBE-SUBG2.5.0.0
2026-08-15 20:03:01,743 [WARN] PackLoader:240 - Cannot read IP mode file for STMicroelectronics.X-CUBE-AZRTOS-H7RS.1.1.0
2026-08-15 20:03:01,769 [WARN] PackLoader:240 - Cannot read IP mode file for Cesanta.I-CUBE-Mongoose.7.13.0
2026-08-15 20:03:01,803 [WARN] PackLoader:240 - Cannot read IP mode file for STMicroelectronics.X-CUBE-AZRTOS-G4.2.0.0
2026-08-15 20:03:01,821 [WARN] PackLoader:240 - Cannot read IP mode file for wolfSSL.I-CUBE-wolfSSH.1.4.20
2026-08-15 20:03:01,838 [WARN] PackLoader:240 - Cannot read IP mode file for STMicroelectronics.X-CUBE-NFC7.2.0.0
2026-08-15 20:03:01,865 [WARN] PackLoader:240 - Cannot read IP mode file for STMicroelectronics.X-CUBE-IPS.3.1.0
2026-08-15 20:03:01,888 [ERROR] Engine:466 - C:\Users\lthst\.stm32cubemx\thirdparties\pdsc\STMicroelectronics.X-CUBE-BLEMGR.4.2.0.pdsc: PDSC version is not supported
2026-08-15 20:03:01,907 [WARN] PackLoader:240 - Cannot read IP mode file for STMicroelectronics.X-CUBE-ALS.1.0.2
2026-08-15 20:03:01,927 [WARN] PackLoader:240 - Cannot read IP mode file for STMicroelectronics.X-CUBE-STSE01.1.0.0
2026-08-15 20:03:01,949 [WARN] PackLoader:240 - Cannot read IP mode file for portGmbH.I-Cube-SoM-uGOAL.1.1.0
2026-08-15 20:03:01,972 [WARN] PackLoader:240 - Cannot read IP mode file for STMicroelectronics.X-CUBE-TOF1.3.4.2
2026-08-15 20:03:02,000 [WARN] PackLoader:240 - Cannot read IP mode file for STMicroelectronics.X-CUBE-TOF1.3.4.3
2026-08-15 20:03:02,007 [INFO] ThirdParty:978 - Integrity check success = true
2026-08-15 20:03:02,007 [INFO] IntegrityCheckThread:100 - exiting critical section [integrity check]
2026-08-15 20:03:02,007 [INFO] IntegrityCheckThread:103 - End integrity checks thread
2026-08-15 21:30:29,042 [INFO] WebApp:194 - Connection lost
2026-08-15 21:30:29,230 [INFO] WebApp:191 - Connection restablished
2026-08-15 21:31:54,437 [INFO] WebApp:403 - JxBrowser engine has been closed 
