../Core/Src/main.c:98:17:APB1_TimerClockHz	2
../Core/Src/main.c:105:13:PWM_SetHz	5
../Core/Src/main.c:118:13:X_SetDir	1
../Core/Src/main.c:123:13:X_Enable	2
../Core/Src/main.c:130:13:X_Stop	1
../Core/Src/main.c:139:13:X_Start	2
../Core/Src/main.c:157:13:Z_SetDir	1
../Core/Src/main.c:162:13:Z_Enable	2
../Core/Src/main.c:169:13:Z_Stop	1
../Core/Src/main.c:178:13:Z_Start	2
../Core/Src/main.c:196:6:Test_RunOnce_Task	18
../Core/Src/main.c:265:6:Test_RunOnce_OnTimPeriodElapsed	9
../Core/Src/main.c:301:5:main	1
../Core/Src/main.c:351:6:SystemClock_Config	3
../Core/Src/main.c:393:13:MX_ADC1_Init	3
../Core/Src/main.c:445:13:MX_TIM2_Init	6
../Core/Src/main.c:504:13:MX_TIM3_Init	6
../Core/Src/main.c:563:13:MX_TIM5_Init	4
../Core/Src/main.c:612:13:MX_USART2_UART_Init	2
../Core/Src/main.c:645:13:MX_GPIO_Init	1
../Core/Src/main.c:695:6:HAL_UART_RxCpltCallback	2
../Core/Src/main.c:701:6:HAL_TIM_PeriodElapsedCallback	1
../Core/Src/main.c:712:6:Error_Handler	1
